Command line invocation:
    /Applications/Xcode_15.4.app/Contents/Developer/usr/bin/xcodebuild clean build -project TweetImageDownloader.xcodeproj -scheme TweetImageDownloader -configuration Release -sdk iphoneos -derivedDataPath DerivedData CODE_SIGN_IDENTITY= CODE_SIGNING_REQUIRED=NO CODE_SIGNING_ALLOWED=NO CONFIGURATION_BUILD_DIR=build/Release-iphoneos

User defaults from command line:
    IDEDerivedDataPathOverride = /Users/runner/work/twitterhd/twitterhd/DerivedData
    IDEPackageSupportUseBuiltinSCM = YES

Build settings from command line:
    CODE_SIGN_IDENTITY = 
    CODE_SIGNING_ALLOWED = NO
    CODE_SIGNING_REQUIRED = NO
    CONFIGURATION_BUILD_DIR = build/Release-iphoneos
    SDKROOT = iphoneos17.5

note: Using codesigning identity override: 

** CLEAN SUCCEEDED **

Prepare packages

note: Using codesigning identity override: 
ComputeTargetDependencyGraph
note: Building targets in dependency order
note: Target dependency graph (1 target)
    Target 'TweetImageDownloader' in project 'TweetImageDownloader' (no dependencies)

GatherProvisioningInputs

CreateBuildDescription

ExecuteExternalTool /Applications/Xcode_15.4.app/Contents/Developer/Toolchains/XcodeDefault.xctoolchain/usr/bin/swiftc -v

ExecuteExternalTool /Applications/Xcode_15.4.app/Contents/Developer/Toolchains/XcodeDefault.xctoolchain/usr/bin/clang -v -E -dM -isysroot /Applications/Xcode_15.4.app/Contents/Developer/Platforms/iPhoneOS.platform/Developer/SDKs/iPhoneOS17.5.sdk -x c -c /dev/null

ExecuteExternalTool /Applications/Xcode_15.4.app/Contents/Developer/Toolchains/XcodeDefault.xctoolchain/usr/bin/ld -version_details

Build description signature: 46eccc42c7a3fee63b8dd0bde701e844
Build description path: /Users/runner/work/twitterhd/twitterhd/DerivedData/Build/Intermediates.noindex/XCBuildData/46eccc42c7a3fee63b8dd0bde701e844.xcbuilddata
CreateBuildDirectory /Users/runner/work/twitterhd/twitterhd/DerivedData/Build/Products
    cd /Users/runner/work/twitterhd/twitterhd/TweetImageDownloader.xcodeproj
    builtin-create-build-directory /Users/runner/work/twitterhd/twitterhd/DerivedData/Build/Products

ClangStatCache /Applications/Xcode_15.4.app/Contents/Developer/Toolchains/XcodeDefault.xctoolchain/usr/bin/clang-stat-cache /Applications/Xcode_15.4.app/Contents/Developer/Platforms/iPhoneOS.platform/Developer/SDKs/iPhoneOS17.5.sdk /Users/runner/work/twitterhd/twitterhd/DerivedData/SDKStatCaches.noindex/iphoneos17.5-21F77-f0fa7969d082b13145125136a829df3a.sdkstatcache
    cd /Users/runner/work/twitterhd/twitterhd/TweetImageDownloader.xcodeproj
    /Applications/Xcode_15.4.app/Contents/Developer/Toolchains/XcodeDefault.xctoolchain/usr/bin/clang-stat-cache /Applications/Xcode_15.4.app/Contents/Developer/Platforms/iPhoneOS.platform/Developer/SDKs/iPhoneOS17.5.sdk -o /Users/runner/work/twitterhd/twitterhd/DerivedData/SDKStatCaches.noindex/iphoneos17.5-21F77-f0fa7969d082b13145125136a829df3a.sdkstatcache

CreateBuildDirectory /Users/runner/work/twitterhd/twitterhd/build/Release-iphoneos
    cd /Users/runner/work/twitterhd/twitterhd/TweetImageDownloader.xcodeproj
    builtin-create-build-directory /Users/runner/work/twitterhd/twitterhd/build/Release-iphoneos

CreateBuildDirectory /Users/runner/work/twitterhd/twitterhd/DerivedData/Build/Intermediates.noindex
    cd /Users/runner/work/twitterhd/twitterhd/TweetImageDownloader.xcodeproj
    builtin-create-build-directory /Users/runner/work/twitterhd/twitterhd/DerivedData/Build/Intermediates.noindex

CreateBuildDirectory /Users/runner/work/twitterhd/twitterhd/DerivedData/Build/Intermediates.noindex/EagerLinkingTBDs/Release-iphoneos
    cd /Users/runner/work/twitterhd/twitterhd/TweetImageDownloader.xcodeproj
    builtin-create-build-directory /Users/runner/work/twitterhd/twitterhd/DerivedData/Build/Intermediates.noindex/EagerLinkingTBDs/Release-iphoneos

MkDir /Users/runner/work/twitterhd/twitterhd/build/Release-iphoneos/TweetImageDownloader.app (in target 'TweetImageDownloader' from project 'TweetImageDownloader')
    cd /Users/runner/work/twitterhd/twitterhd
    /bin/mkdir -p /Users/runner/work/twitterhd/twitterhd/build/Release-iphoneos/TweetImageDownloader.app

WriteAuxiliaryFile /Users/runner/work/twitterhd/twitterhd/DerivedData/Build/Intermediates.noindex/TweetImageDownloader.build/Release-iphoneos/TweetImageDownloader.build/TweetImageDownloader.hmap (in target 'TweetImageDownloader' from project 'TweetImageDownloader')
    cd /Users/runner/work/twitterhd/twitterhd
    write-file /Users/runner/work/twitterhd/twitterhd/DerivedData/Build/Intermediates.noindex/TweetImageDownloader.build/Release-iphoneos/TweetImageDownloader.build/TweetImageDownloader.hmap

WriteAuxiliaryFile /Users/runner/work/twitterhd/twitterhd/DerivedData/Build/Intermediates.noindex/TweetImageDownloader.build/Release-iphoneos/TweetImageDownloader.build/all-product-headers.yaml (in target 'TweetImageDownloader' from project 'TweetImageDownloader')
    cd /Users/runner/work/twitterhd/twitterhd
    write-file /Users/runner/work/twitterhd/twitterhd/DerivedData/Build/Intermediates.noindex/TweetImageDownloader.build/Release-iphoneos/TweetImageDownloader.build/all-product-headers.yaml

WriteAuxiliaryFile /Users/runner/work/twitterhd/twitterhd/DerivedData/Build/Intermediates.noindex/TweetImageDownloader.build/Release-iphoneos/TweetImageDownloader.build/TweetImageDownloader-project-headers.hmap (in target 'TweetImageDownloader' from project 'TweetImageDownloader')
    cd /Users/runner/work/twitterhd/twitterhd
    write-file /Users/runner/work/twitterhd/twitterhd/DerivedData/Build/Intermediates.noindex/TweetImageDownloader.build/Release-iphoneos/TweetImageDownloader.build/TweetImageDownloader-project-headers.hmap

WriteAuxiliaryFile /Users/runner/work/twitterhd/twitterhd/DerivedData/Build/Intermediates.noindex/TweetImageDownloader.build/Release-iphoneos/TweetImageDownloader.build/TweetImageDownloader-own-target-headers.hmap (in target 'TweetImageDownloader' from project 'TweetImageDownloader')
    cd /Users/runner/work/twitterhd/twitterhd
    write-file /Users/runner/work/twitterhd/twitterhd/DerivedData/Build/Intermediates.noindex/TweetImageDownloader.build/Release-iphoneos/TweetImageDownloader.build/TweetImageDownloader-own-target-headers.hmap

WriteAuxiliaryFile /Users/runner/work/twitterhd/twitterhd/DerivedData/Build/Intermediates.noindex/TweetImageDownloader.build/Release-iphoneos/TweetImageDownloader.build/TweetImageDownloader-generated-files.hmap (in target 'TweetImageDownloader' from project 'TweetImageDownloader')
    cd /Users/runner/work/twitterhd/twitterhd
    write-file /Users/runner/work/twitterhd/twitterhd/DerivedData/Build/Intermediates.noindex/TweetImageDownloader.build/Release-iphoneos/TweetImageDownloader.build/TweetImageDownloader-generated-files.hmap

WriteAuxiliaryFile /Users/runner/work/twitterhd/twitterhd/DerivedData/Build/Intermediates.noindex/TweetImageDownloader.build/Release-iphoneos/TweetImageDownloader.build/TweetImageDownloader-all-target-headers.hmap (in target 'TweetImageDownloader' from project 'TweetImageDownloader')
    cd /Users/runner/work/twitterhd/twitterhd
    write-file /Users/runner/work/twitterhd/twitterhd/DerivedData/Build/Intermediates.noindex/TweetImageDownloader.build/Release-iphoneos/TweetImageDownloader.build/TweetImageDownloader-all-target-headers.hmap

WriteAuxiliaryFile /Users/runner/work/twitterhd/twitterhd/DerivedData/Build/Intermediates.noindex/TweetImageDownloader.build/Release-iphoneos/TweetImageDownloader.build/TweetImageDownloader-all-non-framework-target-headers.hmap (in target 'TweetImageDownloader' from project 'TweetImageDownloader')
    cd /Users/runner/work/twitterhd/twitterhd
    write-file /Users/runner/work/twitterhd/twitterhd/DerivedData/Build/Intermediates.noindex/TweetImageDownloader.build/Release-iphoneos/TweetImageDownloader.build/TweetImageDownloader-all-non-framework-target-headers.hmap

WriteAuxiliaryFile /Users/runner/work/twitterhd/twitterhd/DerivedData/Build/Intermediates.noindex/TweetImageDownloader.build/Release-iphoneos/TweetImageDownloader.build/Objects-normal/arm64/TweetImageDownloader.LinkFileList (in target 'TweetImageDownloader' from project 'TweetImageDownloader')
    cd /Users/runner/work/twitterhd/twitterhd
    write-file /Users/runner/work/twitterhd/twitterhd/DerivedData/Build/Intermediates.noindex/TweetImageDownloader.build/Release-iphoneos/TweetImageDownloader.build/Objects-normal/arm64/TweetImageDownloader.LinkFileList

WriteAuxiliaryFile /Users/runner/work/twitterhd/twitterhd/DerivedData/Build/Intermediates.noindex/TweetImageDownloader.build/Release-iphoneos/TweetImageDownloader.build/Objects-normal/arm64/TweetImageDownloader_const_extract_protocols.json (in target 'TweetImageDownloader' from project 'TweetImageDownloader')
    cd /Users/runner/work/twitterhd/twitterhd
    write-file /Users/runner/work/twitterhd/twitterhd/DerivedData/Build/Intermediates.noindex/TweetImageDownloader.build/Release-iphoneos/TweetImageDownloader.build/Objects-normal/arm64/TweetImageDownloader_const_extract_protocols.json

WriteAuxiliaryFile /Users/runner/work/twitterhd/twitterhd/DerivedData/Build/Intermediates.noindex/TweetImageDownloader.build/Release-iphoneos/TweetImageDownloader.build/Objects-normal/arm64/TweetImageDownloader.SwiftFileList (in target 'TweetImageDownloader' from project 'TweetImageDownloader')
    cd /Users/runner/work/twitterhd/twitterhd
    write-file /Users/runner/work/twitterhd/twitterhd/DerivedData/Build/Intermediates.noindex/TweetImageDownloader.build/Release-iphoneos/TweetImageDownloader.build/Objects-normal/arm64/TweetImageDownloader.SwiftFileList

WriteAuxiliaryFile /Users/runner/work/twitterhd/twitterhd/DerivedData/Build/Intermediates.noindex/TweetImageDownloader.build/Release-iphoneos/TweetImageDownloader.build/Objects-normal/arm64/TweetImageDownloader-OutputFileMap.json (in target 'TweetImageDownloader' from project 'TweetImageDownloader')
    cd /Users/runner/work/twitterhd/twitterhd
    write-file /Users/runner/work/twitterhd/twitterhd/DerivedData/Build/Intermediates.noindex/TweetImageDownloader.build/Release-iphoneos/TweetImageDownloader.build/Objects-normal/arm64/TweetImageDownloader-OutputFileMap.json

ProcessInfoPlistFile /Users/runner/work/twitterhd/twitterhd/build/Release-iphoneos/TweetImageDownloader.app/Info.plist /Users/runner/work/twitterhd/twitterhd/TweetImageDownloader/Info.plist (in target 'TweetImageDownloader' from project 'TweetImageDownloader')
    cd /Users/runner/work/twitterhd/twitterhd
    builtin-infoPlistUtility /Users/runner/work/twitterhd/twitterhd/TweetImageDownloader/Info.plist -producttype com.apple.product-type.application -genpkginfo /Users/runner/work/twitterhd/twitterhd/build/Release-iphoneos/TweetImageDownloader.app/PkgInfo -expandbuildsettings -format binary -platform iphoneos -requiredArchitecture arm64 -o /Users/runner/work/twitterhd/twitterhd/build/Release-iphoneos/TweetImageDownloader.app/Info.plist

SwiftDriver TweetImageDownloader normal arm64 com.apple.xcode.tools.swift.compiler (in target 'TweetImageDownloader' from project 'TweetImageDownloader')
    cd /Users/runner/work/twitterhd/twitterhd
    builtin-SwiftDriver -- /Applications/Xcode_15.4.app/Contents/Developer/Toolchains/XcodeDefault.xctoolchain/usr/bin/swiftc -module-name TweetImageDownloader -O -enforce-exclusivity\=checked @/Users/runner/work/twitterhd/twitterhd/DerivedData/Build/Intermediates.noindex/TweetImageDownloader.build/Release-iphoneos/TweetImageDownloader.build/Objects-normal/arm64/TweetImageDownloader.SwiftFileList -sdk /Applications/Xcode_15.4.app/Contents/Developer/Platforms/iPhoneOS.platform/Developer/SDKs/iPhoneOS17.5.sdk -target arm64-apple-ios16.0 -enable-bare-slash-regex -g -module-cache-path /Users/runner/work/twitterhd/twitterhd/DerivedData/ModuleCache.noindex -Xfrontend -serialize-debugging-options -swift-version 5 -I /Users/runner/work/twitterhd/twitterhd/build/Release-iphoneos -F /Users/runner/work/twitterhd/twitterhd/build/Release-iphoneos -c -j3 -enable-batch-mode -incremental -Xcc -ivfsstatcache -Xcc /Users/runner/work/twitterhd/twitterhd/DerivedData/SDKStatCaches.noindex/iphoneos17.5-21F77-f0fa7969d082b13145125136a829df3a.sdkstatcache -output-file-map /Users/runner/work/twitterhd/twitterhd/DerivedData/Build/Intermediates.noindex/TweetImageDownloader.build/Release-iphoneos/TweetImageDownloader.build/Objects-normal/arm64/TweetImageDownloader-OutputFileMap.json -use-frontend-parseable-output -save-temps -no-color-diagnostics -serialize-diagnostics -emit-dependencies -emit-module -emit-module-path /Users/runner/work/twitterhd/twitterhd/DerivedData/Build/Intermediates.noindex/TweetImageDownloader.build/Release-iphoneos/TweetImageDownloader.build/Objects-normal/arm64/TweetImageDownloader.swiftmodule -validate-clang-modules-once -clang-build-session-file /Users/runner/work/twitterhd/twitterhd/DerivedData/ModuleCache.noindex/Session.modulevalidation -Xcc -I/Users/runner/work/twitterhd/twitterhd/DerivedData/Build/Intermediates.noindex/TweetImageDownloader.build/Release-iphoneos/TweetImageDownloader.build/swift-overrides.hmap -emit-const-values -Xfrontend -const-gather-protocols-file -Xfrontend /Users/runner/work/twitterhd/twitterhd/DerivedData/Build/Intermediates.noindex/TweetImageDownloader.build/Release-iphoneos/TweetImageDownloader.build/Objects-normal/arm64/TweetImageDownloader_const_extract_protocols.json -Xcc -iquote -Xcc /Users/runner/work/twitterhd/twitterhd/DerivedData/Build/Intermediates.noindex/TweetImageDownloader.build/Release-iphoneos/TweetImageDownloader.build/TweetImageDownloader-generated-files.hmap -Xcc -I/Users/runner/work/twitterhd/twitterhd/DerivedData/Build/Intermediates.noindex/TweetImageDownloader.build/Release-iphoneos/TweetImageDownloader.build/TweetImageDownloader-own-target-headers.hmap -Xcc -I/Users/runner/work/twitterhd/twitterhd/DerivedData/Build/Intermediates.noindex/TweetImageDownloader.build/Release-iphoneos/TweetImageDownloader.build/TweetImageDownloader-all-target-headers.hmap -Xcc -iquote -Xcc /Users/runner/work/twitterhd/twitterhd/DerivedData/Build/Intermediates.noindex/TweetImageDownloader.build/Release-iphoneos/TweetImageDownloader.build/TweetImageDownloader-project-headers.hmap -Xcc -I/Users/runner/work/twitterhd/twitterhd/build/Release-iphoneos/include -Xcc -I/Users/runner/work/twitterhd/twitterhd/DerivedData/Build/Intermediates.noindex/TweetImageDownloader.build/Release-iphoneos/TweetImageDownloader.build/DerivedSources-normal/arm64 -Xcc -I/Users/runner/work/twitterhd/twitterhd/DerivedData/Build/Intermediates.noindex/TweetImageDownloader.build/Release-iphoneos/TweetImageDownloader.build/DerivedSources/arm64 -Xcc -I/Users/runner/work/twitterhd/twitterhd/DerivedData/Build/Intermediates.noindex/TweetImageDownloader.build/Release-iphoneos/TweetImageDownloader.build/DerivedSources -emit-objc-header -emit-objc-header-path /Users/runner/work/twitterhd/twitterhd/DerivedData/Build/Intermediates.noindex/TweetImageDownloader.build/Release-iphoneos/TweetImageDownloader.build/Objects-normal/arm64/TweetImageDownloader-Swift.h -working-directory /Users/runner/work/twitterhd/twitterhd -experimental-emit-module-separately -disable-cmo

SwiftEmitModule normal arm64 Emitting\ module\ for\ TweetImageDownloader (in target 'TweetImageDownloader' from project 'TweetImageDownloader')
    cd /Users/runner/work/twitterhd/twitterhd
    builtin-swiftTaskExecution -- /Applications/Xcode_15.4.app/Contents/Developer/Toolchains/XcodeDefault.xctoolchain/usr/bin/swift-frontend -frontend -emit-module -experimental-skip-non-inlinable-function-bodies-without-types /Users/runner/work/twitterhd/twitterhd/TweetImageDownloader/App/TweetImageDownloaderApp.swift /Users/runner/work/twitterhd/twitterhd/TweetImageDownloader/Models/TweetImageItem.swift /Users/runner/work/twitterhd/twitterhd/TweetImageDownloader/Services/TwitterExtractorJS.swift /Users/runner/work/twitterhd/twitterhd/TweetImageDownloader/Services/TwitterWebViewService.swift /Users/runner/work/twitterhd/twitterhd/TweetImageDownloader/Services/PhotoLibraryManager.swift /Users/runner/work/twitterhd/twitterhd/TweetImageDownloader/ViewModels/DownloaderViewModel.swift /Users/runner/work/twitterhd/twitterhd/TweetImageDownloader/Views/ContentView.swift /Users/runner/work/twitterhd/twitterhd/TweetImageDownloader/Views/MainDownloaderView.swift /Users/runner/work/twitterhd/twitterhd/TweetImageDownloader/Views/SettingsView.swift /Users/runner/work/twitterhd/twitterhd/TweetImageDownloader/Views/LoginWebViewModal.swift /Users/runner/work/twitterhd/twitterhd/TweetImageDownloader/Intents/ParseAndDownloadIntent.swift /Users/runner/work/twitterhd/twitterhd/TweetImageDownloader/Models/AuthorHistoryGroup.swift /Users/runner/work/twitterhd/twitterhd/TweetImageDownloader/Models/TweetHistoryItem.swift /Users/runner/work/twitterhd/twitterhd/TweetImageDownloader/Services/HistoryManager.swift /Users/runner/work/twitterhd/twitterhd/TweetImageDownloader/Views/HistoryView.swift -target arm64-apple-ios16.0 -Xllvm -aarch64-use-tbi -enable-objc-interop -stack-check -sdk /Applications/Xcode_15.4.app/Contents/Developer/Platforms/iPhoneOS.platform/Developer/SDKs/iPhoneOS17.5.sdk -I /Users/runner/work/twitterhd/twitterhd/build/Release-iphoneos -F /Users/runner/work/twitterhd/twitterhd/build/Release-iphoneos -no-color-diagnostics -g -module-cache-path /Users/runner/work/twitterhd/twitterhd/DerivedData/ModuleCache.noindex -swift-version 5 -enforce-exclusivity\=checked -O -serialize-debugging-options -const-gather-protocols-file /Users/runner/work/twitterhd/twitterhd/DerivedData/Build/Intermediates.noindex/TweetImageDownloader.build/Release-iphoneos/TweetImageDownloader.build/Objects-normal/arm64/TweetImageDownloader_const_extract_protocols.json -enable-bare-slash-regex -empty-abi-descriptor -validate-clang-modules-once -clang-build-session-file /Users/runner/work/twitterhd/twitterhd/DerivedData/ModuleCache.noindex/Session.modulevalidation -Xcc -working-directory -Xcc /Users/runner/work/twitterhd/twitterhd -resource-dir /Applications/Xcode_15.4.app/Contents/Developer/Toolchains/XcodeDefault.xctoolchain/usr/lib/swift -Xcc -ivfsstatcache -Xcc /Users/runner/work/twitterhd/twitterhd/DerivedData/SDKStatCaches.noindex/iphoneos17.5-21F77-f0fa7969d082b13145125136a829df3a.sdkstatcache -Xcc -I/Users/runner/work/twitterhd/twitterhd/DerivedData/Build/Intermediates.noindex/TweetImageDownloader.build/Release-iphoneos/TweetImageDownloader.build/swift-overrides.hmap -Xcc -iquote -Xcc /Users/runner/work/twitterhd/twitterhd/DerivedData/Build/Intermediates.noindex/TweetImageDownloader.build/Release-iphoneos/TweetImageDownloader.build/TweetImageDownloader-generated-files.hmap -Xcc -I/Users/runner/work/twitterhd/twitterhd/DerivedData/Build/Intermediates.noindex/TweetImageDownloader.build/Release-iphoneos/TweetImageDownloader.build/TweetImageDownloader-own-target-headers.hmap -Xcc -I/Users/runner/work/twitterhd/twitterhd/DerivedData/Build/Intermediates.noindex/TweetImageDownloader.build/Release-iphoneos/TweetImageDownloader.build/TweetImageDownloader-all-target-headers.hmap -Xcc -iquote -Xcc /Users/runner/work/twitterhd/twitterhd/DerivedData/Build/Intermediates.noindex/TweetImageDownloader.build/Release-iphoneos/TweetImageDownloader.build/TweetImageDownloader-project-headers.hmap -Xcc -I/Users/runner/work/twitterhd/twitterhd/build/Release-iphoneos/include -Xcc -I/Users/runner/work/twitterhd/twitterhd/DerivedData/Build/Intermediates.noindex/TweetImageDownloader.build/Release-iphoneos/TweetImageDownloader.build/DerivedSources-normal/arm64 -Xcc -I/Users/runner/work/twitterhd/twitterhd/DerivedData/Build/Intermediates.noindex/TweetImageDownloader.build/Release-iphoneos/TweetImageDownloader.build/DerivedSources/arm64 -Xcc -I/Users/runner/work/twitterhd/twitterhd/DerivedData/Build/Intermediates.noindex/TweetImageDownloader.build/Release-iphoneos/TweetImageDownloader.build/DerivedSources -module-name TweetImageDownloader -disable-clang-spi -target-sdk-version 17.5 -target-sdk-name iphoneos17.5 -external-plugin-path /Applications/Xcode_15.4.app/Contents/Developer/Platforms/iPhoneOS.platform/Developer/SDKs/iPhoneOS17.5.sdk/usr/lib/swift/host/plugins\#/Applications/Xcode_15.4.app/Contents/Developer/Platforms/iPhoneOS.platform/Developer/SDKs/iPhoneOS17.5.sdk/usr/bin/swift-plugin-server -external-plugin-path /Applications/Xcode_15.4.app/Contents/Developer/Platforms/iPhoneOS.platform/Developer/SDKs/iPhoneOS17.5.sdk/usr/local/lib/swift/host/plugins\#/Applications/Xcode_15.4.app/Contents/Developer/Platforms/iPhoneOS.platform/Developer/SDKs/iPhoneOS17.5.sdk/usr/bin/swift-plugin-server -external-plugin-path /Applications/Xcode_15.4.app/Contents/Developer/Platforms/iPhoneOS.platform/Developer/usr/lib/swift/host/plugins\#/Applications/Xcode_15.4.app/Contents/Developer/Platforms/iPhoneOS.platform/Developer/usr/bin/swift-plugin-server -external-plugin-path /Applications/Xcode_15.4.app/Contents/Developer/Platforms/iPhoneOS.platform/Developer/usr/local/lib/swift/host/plugins\#/Applications/Xcode_15.4.app/Contents/Developer/Platforms/iPhoneOS.platform/Developer/usr/bin/swift-plugin-server -plugin-path /Applications/Xcode_15.4.app/Contents/Developer/Toolchains/XcodeDefault.xctoolchain/usr/lib/swift/host/plugins -plugin-path /Applications/Xcode_15.4.app/Contents/Developer/Toolchains/XcodeDefault.xctoolchain/usr/local/lib/swift/host/plugins -emit-module-doc-path /Users/runner/work/twitterhd/twitterhd/DerivedData/Build/Intermediates.noindex/TweetImageDownloader.build/Release-iphoneos/TweetImageDownloader.build/Objects-normal/arm64/TweetImageDownloader.swiftdoc -emit-module-source-info-path /Users/runner/work/twitterhd/twitterhd/DerivedData/Build/Intermediates.noindex/TweetImageDownloader.build/Release-iphoneos/TweetImageDownloader.build/Objects-normal/arm64/TweetImageDownloader.swiftsourceinfo -emit-objc-header-path /Users/runner/work/twitterhd/twitterhd/DerivedData/Build/Intermediates.noindex/TweetImageDownloader.build/Release-iphoneos/TweetImageDownloader.build/Objects-normal/arm64/TweetImageDownloader-Swift.h -serialize-diagnostics-path /Users/runner/work/twitterhd/twitterhd/DerivedData/Build/Intermediates.noindex/TweetImageDownloader.build/Release-iphoneos/TweetImageDownloader.build/Objects-normal/arm64/TweetImageDownloader-master-emit-module.dia -emit-dependencies-path /Users/runner/work/twitterhd/twitterhd/DerivedData/Build/Intermediates.noindex/TweetImageDownloader.build/Release-iphoneos/TweetImageDownloader.build/Objects-normal/arm64/TweetImageDownloader-master-emit-module.d -o /Users/runner/work/twitterhd/twitterhd/DerivedData/Build/Intermediates.noindex/TweetImageDownloader.build/Release-iphoneos/TweetImageDownloader.build/Objects-normal/arm64/TweetImageDownloader.swiftmodule -emit-abi-descriptor-path /Users/runner/work/twitterhd/twitterhd/DerivedData/Build/Intermediates.noindex/TweetImageDownloader.build/Release-iphoneos/TweetImageDownloader.build/Objects-normal/arm64/TweetImageDownloader.abi.json
/Users/runner/work/twitterhd/twitterhd/TweetImageDownloader/Views/LoginWebViewModal.swift:10:60: warning: main actor-isolated static property 'shared' can not be referenced from a non-isolated context; this is an error in Swift 6
    public init(webView: WKWebView = TwitterWebViewService.shared.webView, initialURL: URL = URL(string: "https://x.com/login")!) {
                                                           ^
/Users/runner/work/twitterhd/twitterhd/TweetImageDownloader/Services/TwitterWebViewService.swift:43:23: note: static property declared here
    public static let shared = TwitterWebViewService()
                      ^

SwiftCompile normal arm64 Compiling\ ParseAndDownloadIntent.swift,\ AuthorHistoryGroup.swift,\ TweetHistoryItem.swift,\ HistoryManager.swift,\ HistoryView.swift /Users/runner/work/twitterhd/twitterhd/TweetImageDownloader/Intents/ParseAndDownloadIntent.swift /Users/runner/work/twitterhd/twitterhd/TweetImageDownloader/Models/AuthorHistoryGroup.swift /Users/runner/work/twitterhd/twitterhd/TweetImageDownloader/Models/TweetHistoryItem.swift /Users/runner/work/twitterhd/twitterhd/TweetImageDownloader/Services/HistoryManager.swift /Users/runner/work/twitterhd/twitterhd/TweetImageDownloader/Views/HistoryView.swift (in target 'TweetImageDownloader' from project 'TweetImageDownloader')
    cd /Users/runner/work/twitterhd/twitterhd
    builtin-swiftTaskExecution -- /Applications/Xcode_15.4.app/Contents/Developer/Toolchains/XcodeDefault.xctoolchain/usr/bin/swift-frontend -frontend -c /Users/runner/work/twitterhd/twitterhd/TweetImageDownloader/App/TweetImageDownloaderApp.swift /Users/runner/work/twitterhd/twitterhd/TweetImageDownloader/Models/TweetImageItem.swift /Users/runner/work/twitterhd/twitterhd/TweetImageDownloader/Services/TwitterExtractorJS.swift /Users/runner/work/twitterhd/twitterhd/TweetImageDownloader/Services/TwitterWebViewService.swift /Users/runner/work/twitterhd/twitterhd/TweetImageDownloader/Services/PhotoLibraryManager.swift /Users/runner/work/twitterhd/twitterhd/TweetImageDownloader/ViewModels/DownloaderViewModel.swift /Users/runner/work/twitterhd/twitterhd/TweetImageDownloader/Views/ContentView.swift /Users/runner/work/twitterhd/twitterhd/TweetImageDownloader/Views/MainDownloaderView.swift /Users/runner/work/twitterhd/twitterhd/TweetImageDownloader/Views/SettingsView.swift /Users/runner/work/twitterhd/twitterhd/TweetImageDownloader/Views/LoginWebViewModal.swift -primary-file /Users/runner/work/twitterhd/twitterhd/TweetImageDownloader/Intents/ParseAndDownloadIntent.swift -primary-file /Users/runner/work/twitterhd/twitterhd/TweetImageDownloader/Models/AuthorHistoryGroup.swift -primary-file /Users/runner/work/twitterhd/twitterhd/TweetImageDownloader/Models/TweetHistoryItem.swift -primary-file /Users/runner/work/twitterhd/twitterhd/TweetImageDownloader/Services/HistoryManager.swift -primary-file /Users/runner/work/twitterhd/twitterhd/TweetImageDownloader/Views/HistoryView.swift -supplementary-output-file-map /Users/runner/work/twitterhd/twitterhd/DerivedData/Build/Intermediates.noindex/TweetImageDownloader.build/Release-iphoneos/TweetImageDownloader.build/Objects-normal/arm64/supplementaryOutputs-3 -target arm64-apple-ios16.0 -Xllvm -aarch64-use-tbi -enable-objc-interop -stack-check -sdk /Applications/Xcode_15.4.app/Contents/Developer/Platforms/iPhoneOS.platform/Developer/SDKs/iPhoneOS17.5.sdk -I /Users/runner/work/twitterhd/twitterhd/build/Release-iphoneos -F /Users/runner/work/twitterhd/twitterhd/build/Release-iphoneos -no-color-diagnostics -g -module-cache-path /Users/runner/work/twitterhd/twitterhd/DerivedData/ModuleCache.noindex -swift-version 5 -enforce-exclusivity\=checked -O -serialize-debugging-options -const-gather-protocols-file /Users/runner/work/twitterhd/twitterhd/DerivedData/Build/Intermediates.noindex/TweetImageDownloader.build/Release-iphoneos/TweetImageDownloader.build/Objects-normal/arm64/TweetImageDownloader_const_extract_protocols.json -enable-bare-slash-regex -empty-abi-descriptor -validate-clang-modules-once -clang-build-session-file /Users/runner/work/twitterhd/twitterhd/DerivedData/ModuleCache.noindex/Session.modulevalidation -Xcc -working-directory -Xcc /Users/runner/work/twitterhd/twitterhd -resource-dir /Applications/Xcode_15.4.app/Contents/Developer/Toolchains/XcodeDefault.xctoolchain/usr/lib/swift -Xcc -ivfsstatcache -Xcc /Users/runner/work/twitterhd/twitterhd/DerivedData/SDKStatCaches.noindex/iphoneos17.5-21F77-f0fa7969d082b13145125136a829df3a.sdkstatcache -Xcc -I/Users/runner/work/twitterhd/twitterhd/DerivedData/Build/Intermediates.noindex/TweetImageDownloader.build/Release-iphoneos/TweetImageDownloader.build/swift-overrides.hmap -Xcc -iquote -Xcc /Users/runner/work/twitterhd/twitterhd/DerivedData/Build/Intermediates.noindex/TweetImageDownloader.build/Release-iphoneos/TweetImageDownloader.build/TweetImageDownloader-generated-files.hmap -Xcc -I/Users/runner/work/twitterhd/twitterhd/DerivedData/Build/Intermediates.noindex/TweetImageDownloader.build/Release-iphoneos/TweetImageDownloader.build/TweetImageDownloader-own-target-headers.hmap -Xcc -I/Users/runner/work/twitterhd/twitterhd/DerivedData/Build/Intermediates.noindex/TweetImageDownloader.build/Release-iphoneos/TweetImageDownloader.build/TweetImageDownloader-all-target-headers.hmap -Xcc -iquote -Xcc /Users/runner/work/twitterhd/twitterhd/DerivedData/Build/Intermediates.noindex/TweetImageDownloader.build/Release-iphoneos/TweetImageDownloader.build/TweetImageDownloader-project-headers.hmap -Xcc -I/Users/runner/work/twitterhd/twitterhd/build/Release-iphoneos/include -Xcc -I/Users/runner/work/twitterhd/twitterhd/DerivedData/Build/Intermediates.noindex/TweetImageDownloader.build/Release-iphoneos/TweetImageDownloader.build/DerivedSources-normal/arm64 -Xcc -I/Users/runner/work/twitterhd/twitterhd/DerivedData/Build/Intermediates.noindex/TweetImageDownloader.build/Release-iphoneos/TweetImageDownloader.build/DerivedSources/arm64 -Xcc -I/Users/runner/work/twitterhd/twitterhd/DerivedData/Build/Intermediates.noindex/TweetImageDownloader.build/Release-iphoneos/TweetImageDownloader.build/DerivedSources -module-name TweetImageDownloader -frontend-parseable-output -disable-clang-spi -target-sdk-version 17.5 -target-sdk-name iphoneos17.5 -external-plugin-path /Applications/Xcode_15.4.app/Contents/Developer/Platforms/iPhoneOS.platform/Developer/SDKs/iPhoneOS17.5.sdk/usr/lib/swift/host/plugins\#/Applications/Xcode_15.4.app/Contents/Developer/Platforms/iPhoneOS.platform/Developer/SDKs/iPhoneOS17.5.sdk/usr/bin/swift-plugin-server -external-plugin-path /Applications/Xcode_15.4.app/Contents/Developer/Platforms/iPhoneOS.platform/Developer/SDKs/iPhoneOS17.5.sdk/usr/local/lib/swift/host/plugins\#/Applications/Xcode_15.4.app/Contents/Developer/Platforms/iPhoneOS.platform/Developer/SDKs/iPhoneOS17.5.sdk/usr/bin/swift-plugin-server -external-plugin-path /Applications/Xcode_15.4.app/Contents/Developer/Platforms/iPhoneOS.platform/Developer/usr/lib/swift/host/plugins\#/Applications/Xcode_15.4.app/Contents/Developer/Platforms/iPhoneOS.platform/Developer/usr/bin/swift-plugin-server -external-plugin-path /Applications/Xcode_15.4.app/Contents/Developer/Platforms/iPhoneOS.platform/Developer/usr/local/lib/swift/host/plugins\#/Applications/Xcode_15.4.app/Contents/Developer/Platforms/iPhoneOS.platform/Developer/usr/bin/swift-plugin-server -plugin-path /Applications/Xcode_15.4.app/Contents/Developer/Toolchains/XcodeDefault.xctoolchain/usr/lib/swift/host/plugins -plugin-path /Applications/Xcode_15.4.app/Contents/Developer/Toolchains/XcodeDefault.xctoolchain/usr/local/lib/swift/host/plugins -o /Users/runner/work/twitterhd/twitterhd/DerivedData/Build/Intermediates.noindex/TweetImageDownloader.build/Release-iphoneos/TweetImageDownloader.build/Objects-normal/arm64/ParseAndDownloadIntent.o -o /Users/runner/work/twitterhd/twitterhd/DerivedData/Build/Intermediates.noindex/TweetImageDownloader.build/Release-iphoneos/TweetImageDownloader.build/Objects-normal/arm64/AuthorHistoryGroup.o -o /Users/runner/work/twitterhd/twitterhd/DerivedData/Build/Intermediates.noindex/TweetImageDownloader.build/Release-iphoneos/TweetImageDownloader.build/Objects-normal/arm64/TweetHistoryItem.o -o /Users/runner/work/twitterhd/twitterhd/DerivedData/Build/Intermediates.noindex/TweetImageDownloader.build/Release-iphoneos/TweetImageDownloader.build/Objects-normal/arm64/HistoryManager.o -o /Users/runner/work/twitterhd/twitterhd/DerivedData/Build/Intermediates.noindex/TweetImageDownloader.build/Release-iphoneos/TweetImageDownloader.build/Objects-normal/arm64/HistoryView.o -index-unit-output-path /TweetImageDownloader.build/Release-iphoneos/TweetImageDownloader.build/Objects-normal/arm64/ParseAndDownloadIntent.o -index-unit-output-path /TweetImageDownloader.build/Release-iphoneos/TweetImageDownloader.build/Objects-normal/arm64/AuthorHistoryGroup.o -index-unit-output-path /TweetImageDownloader.build/Release-iphoneos/TweetImageDownloader.build/Objects-normal/arm64/TweetHistoryItem.o -index-unit-output-path /TweetImageDownloader.build/Release-iphoneos/TweetImageDownloader.build/Objects-normal/arm64/HistoryManager.o -index-unit-output-path /TweetImageDownloader.build/Release-iphoneos/TweetImageDownloader.build/Objects-normal/arm64/HistoryView.o
SwiftCompile normal arm64 /Users/runner/work/twitterhd/twitterhd/TweetImageDownloader/Intents/ParseAndDownloadIntent.swift (in target 'TweetImageDownloader' from project 'TweetImageDownloader')
    cd /Users/runner/work/twitterhd/twitterhd
    /Applications/Xcode_15.4.app/Contents/Developer/Toolchains/XcodeDefault.xctoolchain/usr/bin/swift-frontend -c /Users/runner/work/twitterhd/twitterhd/TweetImageDownloader/App/TweetImageDownloaderApp.swift /Users/runner/work/twitterhd/twitterhd/TweetImageDownloader/Models/TweetImageItem.swift /Users/runner/work/twitterhd/twitterhd/TweetImageDownloader/Services/TwitterExtractorJS.swift /Users/runner/work/twitterhd/twitterhd/TweetImageDownloader/Services/TwitterWebViewService.swift /Users/runner/work/twitterhd/twitterhd/TweetImageDownloader/Services/PhotoLibraryManager.swift /Users/runner/work/twitterhd/twitterhd/TweetImageDownloader/ViewModels/DownloaderViewModel.swift /Users/runner/work/twitterhd/twitterhd/TweetImageDownloader/Views/ContentView.swift /Users/runner/work/twitterhd/twitterhd/TweetImageDownloader/Views/MainDownloaderView.swift /Users/runner/work/twitterhd/twitterhd/TweetImageDownloader/Views/SettingsView.swift /Users/runner/work/twitterhd/twitterhd/TweetImageDownloader/Views/LoginWebViewModal.swift -primary-file /Users/runner/work/twitterhd/twitterhd/TweetImageDownloader/Intents/ParseAndDownloadIntent.swift -primary-file /Users/runner/work/twitterhd/twitterhd/TweetImageDownloader/Models/AuthorHistoryGroup.swift -primary-file /Users/runner/work/twitterhd/twitterhd/TweetImageDownloader/Models/TweetHistoryItem.swift -primary-file /Users/runner/work/twitterhd/twitterhd/TweetImageDownloader/Services/HistoryManager.swift -primary-file /Users/runner/work/twitterhd/twitterhd/TweetImageDownloader/Views/HistoryView.swift -supplementary-output-file-map /Users/runner/work/twitterhd/twitterhd/DerivedData/Build/Intermediates.noindex/TweetImageDownloader.build/Release-iphoneos/TweetImageDownloader.build/Objects-normal/arm64/supplementaryOutputs-3 -target arm64-apple-ios16.0 -Xllvm -aarch64-use-tbi -enable-objc-interop -stack-check -sdk /Applications/Xcode_15.4.app/Contents/Developer/Platforms/iPhoneOS.platform/Developer/SDKs/iPhoneOS17.5.sdk -I /Users/runner/work/twitterhd/twitterhd/build/Release-iphoneos -F /Users/runner/work/twitterhd/twitterhd/build/Release-iphoneos -no-color-diagnostics -g -module-cache-path /Users/runner/work/twitterhd/twitterhd/DerivedData/ModuleCache.noindex -swift-version 5 -enforce-exclusivity\=checked -O -serialize-debugging-options -const-gather-protocols-file /Users/runner/work/twitterhd/twitterhd/DerivedData/Build/Intermediates.noindex/TweetImageDownloader.build/Release-iphoneos/TweetImageDownloader.build/Objects-normal/arm64/TweetImageDownloader_const_extract_protocols.json -enable-bare-slash-regex -empty-abi-descriptor -validate-clang-modules-once -clang-build-session-file /Users/runner/work/twitterhd/twitterhd/DerivedData/ModuleCache.noindex/Session.modulevalidation -Xcc -working-directory -Xcc /Users/runner/work/twitterhd/twitterhd -resource-dir /Applications/Xcode_15.4.app/Contents/Developer/Toolchains/XcodeDefault.xctoolchain/usr/lib/swift -Xcc -ivfsstatcache -Xcc /Users/runner/work/twitterhd/twitterhd/DerivedData/SDKStatCaches.noindex/iphoneos17.5-21F77-f0fa7969d082b13145125136a829df3a.sdkstatcache -Xcc -I/Users/runner/work/twitterhd/twitterhd/DerivedData/Build/Intermediates.noindex/TweetImageDownloader.build/Release-iphoneos/TweetImageDownloader.build/swift-overrides.hmap -Xcc -iquote -Xcc /Users/runner/work/twitterhd/twitterhd/DerivedData/Build/Intermediates.noindex/TweetImageDownloader.build/Release-iphoneos/TweetImageDownloader.build/TweetImageDownloader-generated-files.hmap -Xcc -I/Users/runner/work/twitterhd/twitterhd/DerivedData/Build/Intermediates.noindex/TweetImageDownloader.build/Release-iphoneos/TweetImageDownloader.build/TweetImageDownloader-own-target-headers.hmap -Xcc -I/Users/runner/work/twitterhd/twitterhd/DerivedData/Build/Intermediates.noindex/TweetImageDownloader.build/Release-iphoneos/TweetImageDownloader.build/TweetImageDownloader-all-target-headers.hmap -Xcc -iquote -Xcc /Users/runner/work/twitterhd/twitterhd/DerivedData/Build/Intermediates.noindex/TweetImageDownloader.build/Release-iphoneos/TweetImageDownloader.build/TweetImageDownloader-project-headers.hmap -Xcc -I/Users/runner/work/twitterhd/twitterhd/build/Release-iphoneos/include -Xcc -I/Users/runner/work/twitterhd/twitterhd/DerivedData/Build/Intermediates.noindex/TweetImageDownloader.build/Release-iphoneos/TweetImageDownloader.build/DerivedSources-normal/arm64 -Xcc -I/Users/runner/work/twitterhd/twitterhd/DerivedData/Build/Intermediates.noindex/TweetImageDownloader.build/Release-iphoneos/TweetImageDownloader.build/DerivedSources/arm64 -Xcc -I/Users/runner/work/twitterhd/twitterhd/DerivedData/Build/Intermediates.noindex/TweetImageDownloader.build/Release-iphoneos/TweetImageDownloader.build/DerivedSources -module-name TweetImageDownloader -frontend-parseable-output -disable-clang-spi -target-sdk-version 17.5 -target-sdk-name iphoneos17.5 -external-plugin-path /Applications/Xcode_15.4.app/Contents/Developer/Platforms/iPhoneOS.platform/Developer/SDKs/iPhoneOS17.5.sdk/usr/lib/swift/host/plugins\#/Applications/Xcode_15.4.app/Contents/Developer/Platforms/iPhoneOS.platform/Developer/SDKs/iPhoneOS17.5.sdk/usr/bin/swift-plugin-server -external-plugin-path /Applications/Xcode_15.4.app/Contents/Developer/Platforms/iPhoneOS.platform/Developer/SDKs/iPhoneOS17.5.sdk/usr/local/lib/swift/host/plugins\#/Applications/Xcode_15.4.app/Contents/Developer/Platforms/iPhoneOS.platform/Developer/SDKs/iPhoneOS17.5.sdk/usr/bin/swift-plugin-server -external-plugin-path /Applications/Xcode_15.4.app/Contents/Developer/Platforms/iPhoneOS.platform/Developer/usr/lib/swift/host/plugins\#/Applications/Xcode_15.4.app/Contents/Developer/Platforms/iPhoneOS.platform/Developer/usr/bin/swift-plugin-server -external-plugin-path /Applications/Xcode_15.4.app/Contents/Developer/Platforms/iPhoneOS.platform/Developer/usr/local/lib/swift/host/plugins\#/Applications/Xcode_15.4.app/Contents/Developer/Platforms/iPhoneOS.platform/Developer/usr/bin/swift-plugin-server -plugin-path /Applications/Xcode_15.4.app/Contents/Developer/Toolchains/XcodeDefault.xctoolchain/usr/lib/swift/host/plugins -plugin-path /Applications/Xcode_15.4.app/Contents/Developer/Toolchains/XcodeDefault.xctoolchain/usr/local/lib/swift/host/plugins -o /Users/runner/work/twitterhd/twitterhd/DerivedData/Build/Intermediates.noindex/TweetImageDownloader.build/Release-iphoneos/TweetImageDownloader.build/Objects-normal/arm64/ParseAndDownloadIntent.o -o /Users/runner/work/twitterhd/twitterhd/DerivedData/Build/Intermediates.noindex/TweetImageDownloader.build/Release-iphoneos/TweetImageDownloader.build/Objects-normal/arm64/AuthorHistoryGroup.o -o /Users/runner/work/twitterhd/twitterhd/DerivedData/Build/Intermediates.noindex/TweetImageDownloader.build/Release-iphoneos/TweetImageDownloader.build/Objects-normal/arm64/TweetHistoryItem.o -o /Users/runner/work/twitterhd/twitterhd/DerivedData/Build/Intermediates.noindex/TweetImageDownloader.build/Release-iphoneos/TweetImageDownloader.build/Objects-normal/arm64/HistoryManager.o -o /Users/runner/work/twitterhd/twitterhd/DerivedData/Build/Intermediates.noindex/TweetImageDownloader.build/Release-iphoneos/TweetImageDownloader.build/Objects-normal/arm64/HistoryView.o -index-unit-output-path /TweetImageDownloader.build/Release-iphoneos/TweetImageDownloader.build/Objects-normal/arm64/ParseAndDownloadIntent.o -index-unit-output-path /TweetImageDownloader.build/Release-iphoneos/TweetImageDownloader.build/Objects-normal/arm64/AuthorHistoryGroup.o -index-unit-output-path /TweetImageDownloader.build/Release-iphoneos/TweetImageDownloader.build/Objects-normal/arm64/TweetHistoryItem.o -index-unit-output-path /TweetImageDownloader.build/Release-iphoneos/TweetImageDownloader.build/Objects-normal/arm64/HistoryManager.o -index-unit-output-path /TweetImageDownloader.build/Release-iphoneos/TweetImageDownloader.build/Objects-normal/arm64/HistoryView.o

SwiftCompile normal arm64 /Users/runner/work/twitterhd/twitterhd/TweetImageDownloader/Models/AuthorHistoryGroup.swift (in target 'TweetImageDownloader' from project 'TweetImageDownloader')
    cd /Users/runner/work/twitterhd/twitterhd
    /Applications/Xcode_15.4.app/Contents/Developer/Toolchains/XcodeDefault.xctoolchain/usr/bin/swift-frontend -c /Users/runner/work/twitterhd/twitterhd/TweetImageDownloader/App/TweetImageDownloaderApp.swift /Users/runner/work/twitterhd/twitterhd/TweetImageDownloader/Models/TweetImageItem.swift /Users/runner/work/twitterhd/twitterhd/TweetImageDownloader/Services/TwitterExtractorJS.swift /Users/runner/work/twitterhd/twitterhd/TweetImageDownloader/Services/TwitterWebViewService.swift /Users/runner/work/twitterhd/twitterhd/TweetImageDownloader/Services/PhotoLibraryManager.swift /Users/runner/work/twitterhd/twitterhd/TweetImageDownloader/ViewModels/DownloaderViewModel.swift /Users/runner/work/twitterhd/twitterhd/TweetImageDownloader/Views/ContentView.swift /Users/runner/work/twitterhd/twitterhd/TweetImageDownloader/Views/MainDownloaderView.swift /Users/runner/work/twitterhd/twitterhd/TweetImageDownloader/Views/SettingsView.swift /Users/runner/work/twitterhd/twitterhd/TweetImageDownloader/Views/LoginWebViewModal.swift -primary-file /Users/runner/work/twitterhd/twitterhd/TweetImageDownloader/Intents/ParseAndDownloadIntent.swift -primary-file /Users/runner/work/twitterhd/twitterhd/TweetImageDownloader/Models/AuthorHistoryGroup.swift -primary-file /Users/runner/work/twitterhd/twitterhd/TweetImageDownloader/Models/TweetHistoryItem.swift -primary-file /Users/runner/work/twitterhd/twitterhd/TweetImageDownloader/Services/HistoryManager.swift -primary-file /Users/runner/work/twitterhd/twitterhd/TweetImageDownloader/Views/HistoryView.swift -supplementary-output-file-map /Users/runner/work/twitterhd/twitterhd/DerivedData/Build/Intermediates.noindex/TweetImageDownloader.build/Release-iphoneos/TweetImageDownloader.build/Objects-normal/arm64/supplementaryOutputs-3 -target arm64-apple-ios16.0 -Xllvm -aarch64-use-tbi -enable-objc-interop -stack-check -sdk /Applications/Xcode_15.4.app/Contents/Developer/Platforms/iPhoneOS.platform/Developer/SDKs/iPhoneOS17.5.sdk -I /Users/runner/work/twitterhd/twitterhd/build/Release-iphoneos -F /Users/runner/work/twitterhd/twitterhd/build/Release-iphoneos -no-color-diagnostics -g -module-cache-path /Users/runner/work/twitterhd/twitterhd/DerivedData/ModuleCache.noindex -swift-version 5 -enforce-exclusivity\=checked -O -serialize-debugging-options -const-gather-protocols-file /Users/runner/work/twitterhd/twitterhd/DerivedData/Build/Intermediates.noindex/TweetImageDownloader.build/Release-iphoneos/TweetImageDownloader.build/Objects-normal/arm64/TweetImageDownloader_const_extract_protocols.json -enable-bare-slash-regex -empty-abi-descriptor -validate-clang-modules-once -clang-build-session-file /Users/runner/work/twitterhd/twitterhd/DerivedData/ModuleCache.noindex/Session.modulevalidation -Xcc -working-directory -Xcc /Users/runner/work/twitterhd/twitterhd -resource-dir /Applications/Xcode_15.4.app/Contents/Developer/Toolchains/XcodeDefault.xctoolchain/usr/lib/swift -Xcc -ivfsstatcache -Xcc /Users/runner/work/twitterhd/twitterhd/DerivedData/SDKStatCaches.noindex/iphoneos17.5-21F77-f0fa7969d082b13145125136a829df3a.sdkstatcache -Xcc -I/Users/runner/work/twitterhd/twitterhd/DerivedData/Build/Intermediates.noindex/TweetImageDownloader.build/Release-iphoneos/TweetImageDownloader.build/swift-overrides.hmap -Xcc -iquote -Xcc /Users/runner/work/twitterhd/twitterhd/DerivedData/Build/Intermediates.noindex/TweetImageDownloader.build/Release-iphoneos/TweetImageDownloader.build/TweetImageDownloader-generated-files.hmap -Xcc -I/Users/runner/work/twitterhd/twitterhd/DerivedData/Build/Intermediates.noindex/TweetImageDownloader.build/Release-iphoneos/TweetImageDownloader.build/TweetImageDownloader-own-target-headers.hmap -Xcc -I/Users/runner/work/twitterhd/twitterhd/DerivedData/Build/Intermediates.noindex/TweetImageDownloader.build/Release-iphoneos/TweetImageDownloader.build/TweetImageDownloader-all-target-headers.hmap -Xcc -iquote -Xcc /Users/runner/work/twitterhd/twitterhd/DerivedData/Build/Intermediates.noindex/TweetImageDownloader.build/Release-iphoneos/TweetImageDownloader.build/TweetImageDownloader-project-headers.hmap -Xcc -I/Users/runner/work/twitterhd/twitterhd/build/Release-iphoneos/include -Xcc -I/Users/runner/work/twitterhd/twitterhd/DerivedData/Build/Intermediates.noindex/TweetImageDownloader.build/Release-iphoneos/TweetImageDownloader.build/DerivedSources-normal/arm64 -Xcc -I/Users/runner/work/twitterhd/twitterhd/DerivedData/Build/Intermediates.noindex/TweetImageDownloader.build/Release-iphoneos/TweetImageDownloader.build/DerivedSources/arm64 -Xcc -I/Users/runner/work/twitterhd/twitterhd/DerivedData/Build/Intermediates.noindex/TweetImageDownloader.build/Release-iphoneos/TweetImageDownloader.build/DerivedSources -module-name TweetImageDownloader -frontend-parseable-output -disable-clang-spi -target-sdk-version 17.5 -target-sdk-name iphoneos17.5 -external-plugin-path /Applications/Xcode_15.4.app/Contents/Developer/Platforms/iPhoneOS.platform/Developer/SDKs/iPhoneOS17.5.sdk/usr/lib/swift/host/plugins\#/Applications/Xcode_15.4.app/Contents/Developer/Platforms/iPhoneOS.platform/Developer/SDKs/iPhoneOS17.5.sdk/usr/bin/swift-plugin-server -external-plugin-path /Applications/Xcode_15.4.app/Contents/Developer/Platforms/iPhoneOS.platform/Developer/SDKs/iPhoneOS17.5.sdk/usr/local/lib/swift/host/plugins\#/Applications/Xcode_15.4.app/Contents/Developer/Platforms/iPhoneOS.platform/Developer/SDKs/iPhoneOS17.5.sdk/usr/bin/swift-plugin-server -external-plugin-path /Applications/Xcode_15.4.app/Contents/Developer/Platforms/iPhoneOS.platform/Developer/usr/lib/swift/host/plugins\#/Applications/Xcode_15.4.app/Contents/Developer/Platforms/iPhoneOS.platform/Developer/usr/bin/swift-plugin-server -external-plugin-path /Applications/Xcode_15.4.app/Contents/Developer/Platforms/iPhoneOS.platform/Developer/usr/local/lib/swift/host/plugins\#/Applications/Xcode_15.4.app/Contents/Developer/Platforms/iPhoneOS.platform/Developer/usr/bin/swift-plugin-server -plugin-path /Applications/Xcode_15.4.app/Contents/Developer/Toolchains/XcodeDefault.xctoolchain/usr/lib/swift/host/plugins -plugin-path /Applications/Xcode_15.4.app/Contents/Developer/Toolchains/XcodeDefault.xctoolchain/usr/local/lib/swift/host/plugins -o /Users/runner/work/twitterhd/twitterhd/DerivedData/Build/Intermediates.noindex/TweetImageDownloader.build/Release-iphoneos/TweetImageDownloader.build/Objects-normal/arm64/ParseAndDownloadIntent.o -o /Users/runner/work/twitterhd/twitterhd/DerivedData/Build/Intermediates.noindex/TweetImageDownloader.build/Release-iphoneos/TweetImageDownloader.build/Objects-normal/arm64/AuthorHistoryGroup.o -o /Users/runner/work/twitterhd/twitterhd/DerivedData/Build/Intermediates.noindex/TweetImageDownloader.build/Release-iphoneos/TweetImageDownloader.build/Objects-normal/arm64/TweetHistoryItem.o -o /Users/runner/work/twitterhd/twitterhd/DerivedData/Build/Intermediates.noindex/TweetImageDownloader.build/Release-iphoneos/TweetImageDownloader.build/Objects-normal/arm64/HistoryManager.o -o /Users/runner/work/twitterhd/twitterhd/DerivedData/Build/Intermediates.noindex/TweetImageDownloader.build/Release-iphoneos/TweetImageDownloader.build/Objects-normal/arm64/HistoryView.o -index-unit-output-path /TweetImageDownloader.build/Release-iphoneos/TweetImageDownloader.build/Objects-normal/arm64/ParseAndDownloadIntent.o -index-unit-output-path /TweetImageDownloader.build/Release-iphoneos/TweetImageDownloader.build/Objects-normal/arm64/AuthorHistoryGroup.o -index-unit-output-path /TweetImageDownloader.build/Release-iphoneos/TweetImageDownloader.build/Objects-normal/arm64/TweetHistoryItem.o -index-unit-output-path /TweetImageDownloader.build/Release-iphoneos/TweetImageDownloader.build/Objects-normal/arm64/HistoryManager.o -index-unit-output-path /TweetImageDownloader.build/Release-iphoneos/TweetImageDownloader.build/Objects-normal/arm64/HistoryView.o

SwiftCompile normal arm64 /Users/runner/work/twitterhd/twitterhd/TweetImageDownloader/Models/TweetHistoryItem.swift (in target 'TweetImageDownloader' from project 'TweetImageDownloader')
    cd /Users/runner/work/twitterhd/twitterhd
    /Applications/Xcode_15.4.app/Contents/Developer/Toolchains/XcodeDefault.xctoolchain/usr/bin/swift-frontend -c /Users/runner/work/twitterhd/twitterhd/TweetImageDownloader/App/TweetImageDownloaderApp.swift /Users/runner/work/twitterhd/twitterhd/TweetImageDownloader/Models/TweetImageItem.swift /Users/runner/work/twitterhd/twitterhd/TweetImageDownloader/Services/TwitterExtractorJS.swift /Users/runner/work/twitterhd/twitterhd/TweetImageDownloader/Services/TwitterWebViewService.swift /Users/runner/work/twitterhd/twitterhd/TweetImageDownloader/Services/PhotoLibraryManager.swift /Users/runner/work/twitterhd/twitterhd/TweetImageDownloader/ViewModels/DownloaderViewModel.swift /Users/runner/work/twitterhd/twitterhd/TweetImageDownloader/Views/ContentView.swift /Users/runner/work/twitterhd/twitterhd/TweetImageDownloader/Views/MainDownloaderView.swift /Users/runner/work/twitterhd/twitterhd/TweetImageDownloader/Views/SettingsView.swift /Users/runner/work/twitterhd/twitterhd/TweetImageDownloader/Views/LoginWebViewModal.swift -primary-file /Users/runner/work/twitterhd/twitterhd/TweetImageDownloader/Intents/ParseAndDownloadIntent.swift -primary-file /Users/runner/work/twitterhd/twitterhd/TweetImageDownloader/Models/AuthorHistoryGroup.swift -primary-file /Users/runner/work/twitterhd/twitterhd/TweetImageDownloader/Models/TweetHistoryItem.swift -primary-file /Users/runner/work/twitterhd/twitterhd/TweetImageDownloader/Services/HistoryManager.swift -primary-file /Users/runner/work/twitterhd/twitterhd/TweetImageDownloader/Views/HistoryView.swift -supplementary-output-file-map /Users/runner/work/twitterhd/twitterhd/DerivedData/Build/Intermediates.noindex/TweetImageDownloader.build/Release-iphoneos/TweetImageDownloader.build/Objects-normal/arm64/supplementaryOutputs-3 -target arm64-apple-ios16.0 -Xllvm -aarch64-use-tbi -enable-objc-interop -stack-check -sdk /Applications/Xcode_15.4.app/Contents/Developer/Platforms/iPhoneOS.platform/Developer/SDKs/iPhoneOS17.5.sdk -I /Users/runner/work/twitterhd/twitterhd/build/Release-iphoneos -F /Users/runner/work/twitterhd/twitterhd/build/Release-iphoneos -no-color-diagnostics -g -module-cache-path /Users/runner/work/twitterhd/twitterhd/DerivedData/ModuleCache.noindex -swift-version 5 -enforce-exclusivity\=checked -O -serialize-debugging-options -const-gather-protocols-file /Users/runner/work/twitterhd/twitterhd/DerivedData/Build/Intermediates.noindex/TweetImageDownloader.build/Release-iphoneos/TweetImageDownloader.build/Objects-normal/arm64/TweetImageDownloader_const_extract_protocols.json -enable-bare-slash-regex -empty-abi-descriptor -validate-clang-modules-once -clang-build-session-file /Users/runner/work/twitterhd/twitterhd/DerivedData/ModuleCache.noindex/Session.modulevalidation -Xcc -working-directory -Xcc /Users/runner/work/twitterhd/twitterhd -resource-dir /Applications/Xcode_15.4.app/Contents/Developer/Toolchains/XcodeDefault.xctoolchain/usr/lib/swift -Xcc -ivfsstatcache -Xcc /Users/runner/work/twitterhd/twitterhd/DerivedData/SDKStatCaches.noindex/iphoneos17.5-21F77-f0fa7969d082b13145125136a829df3a.sdkstatcache -Xcc -I/Users/runner/work/twitterhd/twitterhd/DerivedData/Build/Intermediates.noindex/TweetImageDownloader.build/Release-iphoneos/TweetImageDownloader.build/swift-overrides.hmap -Xcc -iquote -Xcc /Users/runner/work/twitterhd/twitterhd/DerivedData/Build/Intermediates.noindex/TweetImageDownloader.build/Release-iphoneos/TweetImageDownloader.build/TweetImageDownloader-generated-files.hmap -Xcc -I/Users/runner/work/twitterhd/twitterhd/DerivedData/Build/Intermediates.noindex/TweetImageDownloader.build/Release-iphoneos/TweetImageDownloader.build/TweetImageDownloader-own-target-headers.hmap -Xcc -I/Users/runner/work/twitterhd/twitterhd/DerivedData/Build/Intermediates.noindex/TweetImageDownloader.build/Release-iphoneos/TweetImageDownloader.build/TweetImageDownloader-all-target-headers.hmap -Xcc -iquote -Xcc /Users/runner/work/twitterhd/twitterhd/DerivedData/Build/Intermediates.noindex/TweetImageDownloader.build/Release-iphoneos/TweetImageDownloader.build/TweetImageDownloader-project-headers.hmap -Xcc -I/Users/runner/work/twitterhd/twitterhd/build/Release-iphoneos/include -Xcc -I/Users/runner/work/twitterhd/twitterhd/DerivedData/Build/Intermediates.noindex/TweetImageDownloader.build/Release-iphoneos/TweetImageDownloader.build/DerivedSources-normal/arm64 -Xcc -I/Users/runner/work/twitterhd/twitterhd/DerivedData/Build/Intermediates.noindex/TweetImageDownloader.build/Release-iphoneos/TweetImageDownloader.build/DerivedSources/arm64 -Xcc -I/Users/runner/work/twitterhd/twitterhd/DerivedData/Build/Intermediates.noindex/TweetImageDownloader.build/Release-iphoneos/TweetImageDownloader.build/DerivedSources -module-name TweetImageDownloader -frontend-parseable-output -disable-clang-spi -target-sdk-version 17.5 -target-sdk-name iphoneos17.5 -external-plugin-path /Applications/Xcode_15.4.app/Contents/Developer/Platforms/iPhoneOS.platform/Developer/SDKs/iPhoneOS17.5.sdk/usr/lib/swift/host/plugins\#/Applications/Xcode_15.4.app/Contents/Developer/Platforms/iPhoneOS.platform/Developer/SDKs/iPhoneOS17.5.sdk/usr/bin/swift-plugin-server -external-plugin-path /Applications/Xcode_15.4.app/Contents/Developer/Platforms/iPhoneOS.platform/Developer/SDKs/iPhoneOS17.5.sdk/usr/local/lib/swift/host/plugins\#/Applications/Xcode_15.4.app/Contents/Developer/Platforms/iPhoneOS.platform/Developer/SDKs/iPhoneOS17.5.sdk/usr/bin/swift-plugin-server -external-plugin-path /Applications/Xcode_15.4.app/Contents/Developer/Platforms/iPhoneOS.platform/Developer/usr/lib/swift/host/plugins\#/Applications/Xcode_15.4.app/Contents/Developer/Platforms/iPhoneOS.platform/Developer/usr/bin/swift-plugin-server -external-plugin-path /Applications/Xcode_15.4.app/Contents/Developer/Platforms/iPhoneOS.platform/Developer/usr/local/lib/swift/host/plugins\#/Applications/Xcode_15.4.app/Contents/Developer/Platforms/iPhoneOS.platform/Developer/usr/bin/swift-plugin-server -plugin-path /Applications/Xcode_15.4.app/Contents/Developer/Toolchains/XcodeDefault.xctoolchain/usr/lib/swift/host/plugins -plugin-path /Applications/Xcode_15.4.app/Contents/Developer/Toolchains/XcodeDefault.xctoolchain/usr/local/lib/swift/host/plugins -o /Users/runner/work/twitterhd/twitterhd/DerivedData/Build/Intermediates.noindex/TweetImageDownloader.build/Release-iphoneos/TweetImageDownloader.build/Objects-normal/arm64/ParseAndDownloadIntent.o -o /Users/runner/work/twitterhd/twitterhd/DerivedData/Build/Intermediates.noindex/TweetImageDownloader.build/Release-iphoneos/TweetImageDownloader.build/Objects-normal/arm64/AuthorHistoryGroup.o -o /Users/runner/work/twitterhd/twitterhd/DerivedData/Build/Intermediates.noindex/TweetImageDownloader.build/Release-iphoneos/TweetImageDownloader.build/Objects-normal/arm64/TweetHistoryItem.o -o /Users/runner/work/twitterhd/twitterhd/DerivedData/Build/Intermediates.noindex/TweetImageDownloader.build/Release-iphoneos/TweetImageDownloader.build/Objects-normal/arm64/HistoryManager.o -o /Users/runner/work/twitterhd/twitterhd/DerivedData/Build/Intermediates.noindex/TweetImageDownloader.build/Release-iphoneos/TweetImageDownloader.build/Objects-normal/arm64/HistoryView.o -index-unit-output-path /TweetImageDownloader.build/Release-iphoneos/TweetImageDownloader.build/Objects-normal/arm64/ParseAndDownloadIntent.o -index-unit-output-path /TweetImageDownloader.build/Release-iphoneos/TweetImageDownloader.build/Objects-normal/arm64/AuthorHistoryGroup.o -index-unit-output-path /TweetImageDownloader.build/Release-iphoneos/TweetImageDownloader.build/Objects-normal/arm64/TweetHistoryItem.o -index-unit-output-path /TweetImageDownloader.build/Release-iphoneos/TweetImageDownloader.build/Objects-normal/arm64/HistoryManager.o -index-unit-output-path /TweetImageDownloader.build/Release-iphoneos/TweetImageDownloader.build/Objects-normal/arm64/HistoryView.o

SwiftCompile normal arm64 /Users/runner/work/twitterhd/twitterhd/TweetImageDownloader/Services/HistoryManager.swift (in target 'TweetImageDownloader' from project 'TweetImageDownloader')
    cd /Users/runner/work/twitterhd/twitterhd
    /Applications/Xcode_15.4.app/Contents/Developer/Toolchains/XcodeDefault.xctoolchain/usr/bin/swift-frontend -c /Users/runner/work/twitterhd/twitterhd/TweetImageDownloader/App/TweetImageDownloaderApp.swift /Users/runner/work/twitterhd/twitterhd/TweetImageDownloader/Models/TweetImageItem.swift /Users/runner/work/twitterhd/twitterhd/TweetImageDownloader/Services/TwitterExtractorJS.swift /Users/runner/work/twitterhd/twitterhd/TweetImageDownloader/Services/TwitterWebViewService.swift /Users/runner/work/twitterhd/twitterhd/TweetImageDownloader/Services/PhotoLibraryManager.swift /Users/runner/work/twitterhd/twitterhd/TweetImageDownloader/ViewModels/DownloaderViewModel.swift /Users/runner/work/twitterhd/twitterhd/TweetImageDownloader/Views/ContentView.swift /Users/runner/work/twitterhd/twitterhd/TweetImageDownloader/Views/MainDownloaderView.swift /Users/runner/work/twitterhd/twitterhd/TweetImageDownloader/Views/SettingsView.swift /Users/runner/work/twitterhd/twitterhd/TweetImageDownloader/Views/LoginWebViewModal.swift -primary-file /Users/runner/work/twitterhd/twitterhd/TweetImageDownloader/Intents/ParseAndDownloadIntent.swift -primary-file /Users/runner/work/twitterhd/twitterhd/TweetImageDownloader/Models/AuthorHistoryGroup.swift -primary-file /Users/runner/work/twitterhd/twitterhd/TweetImageDownloader/Models/TweetHistoryItem.swift -primary-file /Users/runner/work/twitterhd/twitterhd/TweetImageDownloader/Services/HistoryManager.swift -primary-file /Users/runner/work/twitterhd/twitterhd/TweetImageDownloader/Views/HistoryView.swift -supplementary-output-file-map /Users/runner/work/twitterhd/twitterhd/DerivedData/Build/Intermediates.noindex/TweetImageDownloader.build/Release-iphoneos/TweetImageDownloader.build/Objects-normal/arm64/supplementaryOutputs-3 -target arm64-apple-ios16.0 -Xllvm -aarch64-use-tbi -enable-objc-interop -stack-check -sdk /Applications/Xcode_15.4.app/Contents/Developer/Platforms/iPhoneOS.platform/Developer/SDKs/iPhoneOS17.5.sdk -I /Users/runner/work/twitterhd/twitterhd/build/Release-iphoneos -F /Users/runner/work/twitterhd/twitterhd/build/Release-iphoneos -no-color-diagnostics -g -module-cache-path /Users/runner/work/twitterhd/twitterhd/DerivedData/ModuleCache.noindex -swift-version 5 -enforce-exclusivity\=checked -O -serialize-debugging-options -const-gather-protocols-file /Users/runner/work/twitterhd/twitterhd/DerivedData/Build/Intermediates.noindex/TweetImageDownloader.build/Release-iphoneos/TweetImageDownloader.build/Objects-normal/arm64/TweetImageDownloader_const_extract_protocols.json -enable-bare-slash-regex -empty-abi-descriptor -validate-clang-modules-once -clang-build-session-file /Users/runner/work/twitterhd/twitterhd/DerivedData/ModuleCache.noindex/Session.modulevalidation -Xcc -working-directory -Xcc /Users/runner/work/twitterhd/twitterhd -resource-dir /Applications/Xcode_15.4.app/Contents/Developer/Toolchains/XcodeDefault.xctoolchain/usr/lib/swift -Xcc -ivfsstatcache -Xcc /Users/runner/work/twitterhd/twitterhd/DerivedData/SDKStatCaches.noindex/iphoneos17.5-21F77-f0fa7969d082b13145125136a829df3a.sdkstatcache -Xcc -I/Users/runner/work/twitterhd/twitterhd/DerivedData/Build/Intermediates.noindex/TweetImageDownloader.build/Release-iphoneos/TweetImageDownloader.build/swift-overrides.hmap -Xcc -iquote -Xcc /Users/runner/work/twitterhd/twitterhd/DerivedData/Build/Intermediates.noindex/TweetImageDownloader.build/Release-iphoneos/TweetImageDownloader.build/TweetImageDownloader-generated-files.hmap -Xcc -I/Users/runner/work/twitterhd/twitterhd/DerivedData/Build/Intermediates.noindex/TweetImageDownloader.build/Release-iphoneos/TweetImageDownloader.build/TweetImageDownloader-own-target-headers.hmap -Xcc -I/Users/runner/work/twitterhd/twitterhd/DerivedData/Build/Intermediates.noindex/TweetImageDownloader.build/Release-iphoneos/TweetImageDownloader.build/TweetImageDownloader-all-target-headers.hmap -Xcc -iquote -Xcc /Users/runner/work/twitterhd/twitterhd/DerivedData/Build/Intermediates.noindex/TweetImageDownloader.build/Release-iphoneos/TweetImageDownloader.build/TweetImageDownloader-project-headers.hmap -Xcc -I/Users/runner/work/twitterhd/twitterhd/build/Release-iphoneos/include -Xcc -I/Users/runner/work/twitterhd/twitterhd/DerivedData/Build/Intermediates.noindex/TweetImageDownloader.build/Release-iphoneos/TweetImageDownloader.build/DerivedSources-normal/arm64 -Xcc -I/Users/runner/work/twitterhd/twitterhd/DerivedData/Build/Intermediates.noindex/TweetImageDownloader.build/Release-iphoneos/TweetImageDownloader.build/DerivedSources/arm64 -Xcc -I/Users/runner/work/twitterhd/twitterhd/DerivedData/Build/Intermediates.noindex/TweetImageDownloader.build/Release-iphoneos/TweetImageDownloader.build/DerivedSources -module-name TweetImageDownloader -frontend-parseable-output -disable-clang-spi -target-sdk-version 17.5 -target-sdk-name iphoneos17.5 -external-plugin-path /Applications/Xcode_15.4.app/Contents/Developer/Platforms/iPhoneOS.platform/Developer/SDKs/iPhoneOS17.5.sdk/usr/lib/swift/host/plugins\#/Applications/Xcode_15.4.app/Contents/Developer/Platforms/iPhoneOS.platform/Developer/SDKs/iPhoneOS17.5.sdk/usr/bin/swift-plugin-server -external-plugin-path /Applications/Xcode_15.4.app/Contents/Developer/Platforms/iPhoneOS.platform/Developer/SDKs/iPhoneOS17.5.sdk/usr/local/lib/swift/host/plugins\#/Applications/Xcode_15.4.app/Contents/Developer/Platforms/iPhoneOS.platform/Developer/SDKs/iPhoneOS17.5.sdk/usr/bin/swift-plugin-server -external-plugin-path /Applications/Xcode_15.4.app/Contents/Developer/Platforms/iPhoneOS.platform/Developer/usr/lib/swift/host/plugins\#/Applications/Xcode_15.4.app/Contents/Developer/Platforms/iPhoneOS.platform/Developer/usr/bin/swift-plugin-server -external-plugin-path /Applications/Xcode_15.4.app/Contents/Developer/Platforms/iPhoneOS.platform/Developer/usr/local/lib/swift/host/plugins\#/Applications/Xcode_15.4.app/Contents/Developer/Platforms/iPhoneOS.platform/Developer/usr/bin/swift-plugin-server -plugin-path /Applications/Xcode_15.4.app/Contents/Developer/Toolchains/XcodeDefault.xctoolchain/usr/lib/swift/host/plugins -plugin-path /Applications/Xcode_15.4.app/Contents/Developer/Toolchains/XcodeDefault.xctoolchain/usr/local/lib/swift/host/plugins -o /Users/runner/work/twitterhd/twitterhd/DerivedData/Build/Intermediates.noindex/TweetImageDownloader.build/Release-iphoneos/TweetImageDownloader.build/Objects-normal/arm64/ParseAndDownloadIntent.o -o /Users/runner/work/twitterhd/twitterhd/DerivedData/Build/Intermediates.noindex/TweetImageDownloader.build/Release-iphoneos/TweetImageDownloader.build/Objects-normal/arm64/AuthorHistoryGroup.o -o /Users/runner/work/twitterhd/twitterhd/DerivedData/Build/Intermediates.noindex/TweetImageDownloader.build/Release-iphoneos/TweetImageDownloader.build/Objects-normal/arm64/TweetHistoryItem.o -o /Users/runner/work/twitterhd/twitterhd/DerivedData/Build/Intermediates.noindex/TweetImageDownloader.build/Release-iphoneos/TweetImageDownloader.build/Objects-normal/arm64/HistoryManager.o -o /Users/runner/work/twitterhd/twitterhd/DerivedData/Build/Intermediates.noindex/TweetImageDownloader.build/Release-iphoneos/TweetImageDownloader.build/Objects-normal/arm64/HistoryView.o -index-unit-output-path /TweetImageDownloader.build/Release-iphoneos/TweetImageDownloader.build/Objects-normal/arm64/ParseAndDownloadIntent.o -index-unit-output-path /TweetImageDownloader.build/Release-iphoneos/TweetImageDownloader.build/Objects-normal/arm64/AuthorHistoryGroup.o -index-unit-output-path /TweetImageDownloader.build/Release-iphoneos/TweetImageDownloader.build/Objects-normal/arm64/TweetHistoryItem.o -index-unit-output-path /TweetImageDownloader.build/Release-iphoneos/TweetImageDownloader.build/Objects-normal/arm64/HistoryManager.o -index-unit-output-path /TweetImageDownloader.build/Release-iphoneos/TweetImageDownloader.build/Objects-normal/arm64/HistoryView.o

SwiftCompile normal arm64 /Users/runner/work/twitterhd/twitterhd/TweetImageDownloader/Views/HistoryView.swift (in target 'TweetImageDownloader' from project 'TweetImageDownloader')
    cd /Users/runner/work/twitterhd/twitterhd
    /Applications/Xcode_15.4.app/Contents/Developer/Toolchains/XcodeDefault.xctoolchain/usr/bin/swift-frontend -c /Users/runner/work/twitterhd/twitterhd/TweetImageDownloader/App/TweetImageDownloaderApp.swift /Users/runner/work/twitterhd/twitterhd/TweetImageDownloader/Models/TweetImageItem.swift /Users/runner/work/twitterhd/twitterhd/TweetImageDownloader/Services/TwitterExtractorJS.swift /Users/runner/work/twitterhd/twitterhd/TweetImageDownloader/Services/TwitterWebViewService.swift /Users/runner/work/twitterhd/twitterhd/TweetImageDownloader/Services/PhotoLibraryManager.swift /Users/runner/work/twitterhd/twitterhd/TweetImageDownloader/ViewModels/DownloaderViewModel.swift /Users/runner/work/twitterhd/twitterhd/TweetImageDownloader/Views/ContentView.swift /Users/runner/work/twitterhd/twitterhd/TweetImageDownloader/Views/MainDownloaderView.swift /Users/runner/work/twitterhd/twitterhd/TweetImageDownloader/Views/SettingsView.swift /Users/runner/work/twitterhd/twitterhd/TweetImageDownloader/Views/LoginWebViewModal.swift -primary-file /Users/runner/work/twitterhd/twitterhd/TweetImageDownloader/Intents/ParseAndDownloadIntent.swift -primary-file /Users/runner/work/twitterhd/twitterhd/TweetImageDownloader/Models/AuthorHistoryGroup.swift -primary-file /Users/runner/work/twitterhd/twitterhd/TweetImageDownloader/Models/TweetHistoryItem.swift -primary-file /Users/runner/work/twitterhd/twitterhd/TweetImageDownloader/Services/HistoryManager.swift -primary-file /Users/runner/work/twitterhd/twitterhd/TweetImageDownloader/Views/HistoryView.swift -supplementary-output-file-map /Users/runner/work/twitterhd/twitterhd/DerivedData/Build/Intermediates.noindex/TweetImageDownloader.build/Release-iphoneos/TweetImageDownloader.build/Objects-normal/arm64/supplementaryOutputs-3 -target arm64-apple-ios16.0 -Xllvm -aarch64-use-tbi -enable-objc-interop -stack-check -sdk /Applications/Xcode_15.4.app/Contents/Developer/Platforms/iPhoneOS.platform/Developer/SDKs/iPhoneOS17.5.sdk -I /Users/runner/work/twitterhd/twitterhd/build/Release-iphoneos -F /Users/runner/work/twitterhd/twitterhd/build/Release-iphoneos -no-color-diagnostics -g -module-cache-path /Users/runner/work/twitterhd/twitterhd/DerivedData/ModuleCache.noindex -swift-version 5 -enforce-exclusivity\=checked -O -serialize-debugging-options -const-gather-protocols-file /Users/runner/work/twitterhd/twitterhd/DerivedData/Build/Intermediates.noindex/TweetImageDownloader.build/Release-iphoneos/TweetImageDownloader.build/Objects-normal/arm64/TweetImageDownloader_const_extract_protocols.json -enable-bare-slash-regex -empty-abi-descriptor -validate-clang-modules-once -clang-build-session-file /Users/runner/work/twitterhd/twitterhd/DerivedData/ModuleCache.noindex/Session.modulevalidation -Xcc -working-directory -Xcc /Users/runner/work/twitterhd/twitterhd -resource-dir /Applications/Xcode_15.4.app/Contents/Developer/Toolchains/XcodeDefault.xctoolchain/usr/lib/swift -Xcc -ivfsstatcache -Xcc /Users/runner/work/twitterhd/twitterhd/DerivedData/SDKStatCaches.noindex/iphoneos17.5-21F77-f0fa7969d082b13145125136a829df3a.sdkstatcache -Xcc -I/Users/runner/work/twitterhd/twitterhd/DerivedData/Build/Intermediates.noindex/TweetImageDownloader.build/Release-iphoneos/TweetImageDownloader.build/swift-overrides.hmap -Xcc -iquote -Xcc /Users/runner/work/twitterhd/twitterhd/DerivedData/Build/Intermediates.noindex/TweetImageDownloader.build/Release-iphoneos/TweetImageDownloader.build/TweetImageDownloader-generated-files.hmap -Xcc -I/Users/runner/work/twitterhd/twitterhd/DerivedData/Build/Intermediates.noindex/TweetImageDownloader.build/Release-iphoneos/TweetImageDownloader.build/TweetImageDownloader-own-target-headers.hmap -Xcc -I/Users/runner/work/twitterhd/twitterhd/DerivedData/Build/Intermediates.noindex/TweetImageDownloader.build/Release-iphoneos/TweetImageDownloader.build/TweetImageDownloader-all-target-headers.hmap -Xcc -iquote -Xcc /Users/runner/work/twitterhd/twitterhd/DerivedData/Build/Intermediates.noindex/TweetImageDownloader.build/Release-iphoneos/TweetImageDownloader.build/TweetImageDownloader-project-headers.hmap -Xcc -I/Users/runner/work/twitterhd/twitterhd/build/Release-iphoneos/include -Xcc -I/Users/runner/work/twitterhd/twitterhd/DerivedData/Build/Intermediates.noindex/TweetImageDownloader.build/Release-iphoneos/TweetImageDownloader.build/DerivedSources-normal/arm64 -Xcc -I/Users/runner/work/twitterhd/twitterhd/DerivedData/Build/Intermediates.noindex/TweetImageDownloader.build/Release-iphoneos/TweetImageDownloader.build/DerivedSources/arm64 -Xcc -I/Users/runner/work/twitterhd/twitterhd/DerivedData/Build/Intermediates.noindex/TweetImageDownloader.build/Release-iphoneos/TweetImageDownloader.build/DerivedSources -module-name TweetImageDownloader -frontend-parseable-output -disable-clang-spi -target-sdk-version 17.5 -target-sdk-name iphoneos17.5 -external-plugin-path /Applications/Xcode_15.4.app/Contents/Developer/Platforms/iPhoneOS.platform/Developer/SDKs/iPhoneOS17.5.sdk/usr/lib/swift/host/plugins\#/Applications/Xcode_15.4.app/Contents/Developer/Platforms/iPhoneOS.platform/Developer/SDKs/iPhoneOS17.5.sdk/usr/bin/swift-plugin-server -external-plugin-path /Applications/Xcode_15.4.app/Contents/Developer/Platforms/iPhoneOS.platform/Developer/SDKs/iPhoneOS17.5.sdk/usr/local/lib/swift/host/plugins\#/Applications/Xcode_15.4.app/Contents/Developer/Platforms/iPhoneOS.platform/Developer/SDKs/iPhoneOS17.5.sdk/usr/bin/swift-plugin-server -external-plugin-path /Applications/Xcode_15.4.app/Contents/Developer/Platforms/iPhoneOS.platform/Developer/usr/lib/swift/host/plugins\#/Applications/Xcode_15.4.app/Contents/Developer/Platforms/iPhoneOS.platform/Developer/usr/bin/swift-plugin-server -external-plugin-path /Applications/Xcode_15.4.app/Contents/Developer/Platforms/iPhoneOS.platform/Developer/usr/local/lib/swift/host/plugins\#/Applications/Xcode_15.4.app/Contents/Developer/Platforms/iPhoneOS.platform/Developer/usr/bin/swift-plugin-server -plugin-path /Applications/Xcode_15.4.app/Contents/Developer/Toolchains/XcodeDefault.xctoolchain/usr/lib/swift/host/plugins -plugin-path /Applications/Xcode_15.4.app/Contents/Developer/Toolchains/XcodeDefault.xctoolchain/usr/local/lib/swift/host/plugins -o /Users/runner/work/twitterhd/twitterhd/DerivedData/Build/Intermediates.noindex/TweetImageDownloader.build/Release-iphoneos/TweetImageDownloader.build/Objects-normal/arm64/ParseAndDownloadIntent.o -o /Users/runner/work/twitterhd/twitterhd/DerivedData/Build/Intermediates.noindex/TweetImageDownloader.build/Release-iphoneos/TweetImageDownloader.build/Objects-normal/arm64/AuthorHistoryGroup.o -o /Users/runner/work/twitterhd/twitterhd/DerivedData/Build/Intermediates.noindex/TweetImageDownloader.build/Release-iphoneos/TweetImageDownloader.build/Objects-normal/arm64/TweetHistoryItem.o -o /Users/runner/work/twitterhd/twitterhd/DerivedData/Build/Intermediates.noindex/TweetImageDownloader.build/Release-iphoneos/TweetImageDownloader.build/Objects-normal/arm64/HistoryManager.o -o /Users/runner/work/twitterhd/twitterhd/DerivedData/Build/Intermediates.noindex/TweetImageDownloader.build/Release-iphoneos/TweetImageDownloader.build/Objects-normal/arm64/HistoryView.o -index-unit-output-path /TweetImageDownloader.build/Release-iphoneos/TweetImageDownloader.build/Objects-normal/arm64/ParseAndDownloadIntent.o -index-unit-output-path /TweetImageDownloader.build/Release-iphoneos/TweetImageDownloader.build/Objects-normal/arm64/AuthorHistoryGroup.o -index-unit-output-path /TweetImageDownloader.build/Release-iphoneos/TweetImageDownloader.build/Objects-normal/arm64/TweetHistoryItem.o -index-unit-output-path /TweetImageDownloader.build/Release-iphoneos/TweetImageDownloader.build/Objects-normal/arm64/HistoryManager.o -index-unit-output-path /TweetImageDownloader.build/Release-iphoneos/TweetImageDownloader.build/Objects-normal/arm64/HistoryView.o

SwiftCompile normal arm64 Compiling\ TweetImageDownloaderApp.swift,\ TweetImageItem.swift,\ TwitterExtractorJS.swift,\ TwitterWebViewService.swift,\ PhotoLibraryManager.swift /Users/runner/work/twitterhd/twitterhd/TweetImageDownloader/App/TweetImageDownloaderApp.swift /Users/runner/work/twitterhd/twitterhd/TweetImageDownloader/Models/TweetImageItem.swift /Users/runner/work/twitterhd/twitterhd/TweetImageDownloader/Services/TwitterExtractorJS.swift /Users/runner/work/twitterhd/twitterhd/TweetImageDownloader/Services/TwitterWebViewService.swift /Users/runner/work/twitterhd/twitterhd/TweetImageDownloader/Services/PhotoLibraryManager.swift (in target 'TweetImageDownloader' from project 'TweetImageDownloader')
    cd /Users/runner/work/twitterhd/twitterhd
    builtin-swiftTaskExecution -- /Applications/Xcode_15.4.app/Contents/Developer/Toolchains/XcodeDefault.xctoolchain/usr/bin/swift-frontend -frontend -c -primary-file /Users/runner/work/twitterhd/twitterhd/TweetImageDownloader/App/TweetImageDownloaderApp.swift -primary-file /Users/runner/work/twitterhd/twitterhd/TweetImageDownloader/Models/TweetImageItem.swift -primary-file /Users/runner/work/twitterhd/twitterhd/TweetImageDownloader/Services/TwitterExtractorJS.swift -primary-file /Users/runner/work/twitterhd/twitterhd/TweetImageDownloader/Services/TwitterWebViewService.swift -primary-file /Users/runner/work/twitterhd/twitterhd/TweetImageDownloader/Services/PhotoLibraryManager.swift /Users/runner/work/twitterhd/twitterhd/TweetImageDownloader/ViewModels/DownloaderViewModel.swift /Users/runner/work/twitterhd/twitterhd/TweetImageDownloader/Views/ContentView.swift /Users/runner/work/twitterhd/twitterhd/TweetImageDownloader/Views/MainDownloaderView.swift /Users/runner/work/twitterhd/twitterhd/TweetImageDownloader/Views/SettingsView.swift /Users/runner/work/twitterhd/twitterhd/TweetImageDownloader/Views/LoginWebViewModal.swift /Users/runner/work/twitterhd/twitterhd/TweetImageDownloader/Intents/ParseAndDownloadIntent.swift /Users/runner/work/twitterhd/twitterhd/TweetImageDownloader/Models/AuthorHistoryGroup.swift /Users/runner/work/twitterhd/twitterhd/TweetImageDownloader/Models/TweetHistoryItem.swift /Users/runner/work/twitterhd/twitterhd/TweetImageDownloader/Services/HistoryManager.swift /Users/runner/work/twitterhd/twitterhd/TweetImageDownloader/Views/HistoryView.swift -supplementary-output-file-map /Users/runner/work/twitterhd/twitterhd/DerivedData/Build/Intermediates.noindex/TweetImageDownloader.build/Release-iphoneos/TweetImageDownloader.build/Objects-normal/arm64/supplementaryOutputs-1 -target arm64-apple-ios16.0 -Xllvm -aarch64-use-tbi -enable-objc-interop -stack-check -sdk /Applications/Xcode_15.4.app/Contents/Developer/Platforms/iPhoneOS.platform/Developer/SDKs/iPhoneOS17.5.sdk -I /Users/runner/work/twitterhd/twitterhd/build/Release-iphoneos -F /Users/runner/work/twitterhd/twitterhd/build/Release-iphoneos -no-color-diagnostics -g -module-cache-path /Users/runner/work/twitterhd/twitterhd/DerivedData/ModuleCache.noindex -swift-version 5 -enforce-exclusivity\=checked -O -serialize-debugging-options -const-gather-protocols-file /Users/runner/work/twitterhd/twitterhd/DerivedData/Build/Intermediates.noindex/TweetImageDownloader.build/Release-iphoneos/TweetImageDownloader.build/Objects-normal/arm64/TweetImageDownloader_const_extract_protocols.json -enable-bare-slash-regex -empty-abi-descriptor -validate-clang-modules-once -clang-build-session-file /Users/runner/work/twitterhd/twitterhd/DerivedData/ModuleCache.noindex/Session.modulevalidation -Xcc -working-directory -Xcc /Users/runner/work/twitterhd/twitterhd -resource-dir /Applications/Xcode_15.4.app/Contents/Developer/Toolchains/XcodeDefault.xctoolchain/usr/lib/swift -Xcc -ivfsstatcache -Xcc /Users/runner/work/twitterhd/twitterhd/DerivedData/SDKStatCaches.noindex/iphoneos17.5-21F77-f0fa7969d082b13145125136a829df3a.sdkstatcache -Xcc -I/Users/runner/work/twitterhd/twitterhd/DerivedData/Build/Intermediates.noindex/TweetImageDownloader.build/Release-iphoneos/TweetImageDownloader.build/swift-overrides.hmap -Xcc -iquote -Xcc /Users/runner/work/twitterhd/twitterhd/DerivedData/Build/Intermediates.noindex/TweetImageDownloader.build/Release-iphoneos/TweetImageDownloader.build/TweetImageDownloader-generated-files.hmap -Xcc -I/Users/runner/work/twitterhd/twitterhd/DerivedData/Build/Intermediates.noindex/TweetImageDownloader.build/Release-iphoneos/TweetImageDownloader.build/TweetImageDownloader-own-target-headers.hmap -Xcc -I/Users/runner/work/twitterhd/twitterhd/DerivedData/Build/Intermediates.noindex/TweetImageDownloader.build/Release-iphoneos/TweetImageDownloader.build/TweetImageDownloader-all-target-headers.hmap -Xcc -iquote -Xcc /Users/runner/work/twitterhd/twitterhd/DerivedData/Build/Intermediates.noindex/TweetImageDownloader.build/Release-iphoneos/TweetImageDownloader.build/TweetImageDownloader-project-headers.hmap -Xcc -I/Users/runner/work/twitterhd/twitterhd/build/Release-iphoneos/include -Xcc -I/Users/runner/work/twitterhd/twitterhd/DerivedData/Build/Intermediates.noindex/TweetImageDownloader.build/Release-iphoneos/TweetImageDownloader.build/DerivedSources-normal/arm64 -Xcc -I/Users/runner/work/twitterhd/twitterhd/DerivedData/Build/Intermediates.noindex/TweetImageDownloader.build/Release-iphoneos/TweetImageDownloader.build/DerivedSources/arm64 -Xcc -I/Users/runner/work/twitterhd/twitterhd/DerivedData/Build/Intermediates.noindex/TweetImageDownloader.build/Release-iphoneos/TweetImageDownloader.build/DerivedSources -module-name TweetImageDownloader -frontend-parseable-output -disable-clang-spi -target-sdk-version 17.5 -target-sdk-name iphoneos17.5 -external-plugin-path /Applications/Xcode_15.4.app/Contents/Developer/Platforms/iPhoneOS.platform/Developer/SDKs/iPhoneOS17.5.sdk/usr/lib/swift/host/plugins\#/Applications/Xcode_15.4.app/Contents/Developer/Platforms/iPhoneOS.platform/Developer/SDKs/iPhoneOS17.5.sdk/usr/bin/swift-plugin-server -external-plugin-path /Applications/Xcode_15.4.app/Contents/Developer/Platforms/iPhoneOS.platform/Developer/SDKs/iPhoneOS17.5.sdk/usr/local/lib/swift/host/plugins\#/Applications/Xcode_15.4.app/Contents/Developer/Platforms/iPhoneOS.platform/Developer/SDKs/iPhoneOS17.5.sdk/usr/bin/swift-plugin-server -external-plugin-path /Applications/Xcode_15.4.app/Contents/Developer/Platforms/iPhoneOS.platform/Developer/usr/lib/swift/host/plugins\#/Applications/Xcode_15.4.app/Contents/Developer/Platforms/iPhoneOS.platform/Developer/usr/bin/swift-plugin-server -external-plugin-path /Applications/Xcode_15.4.app/Contents/Developer/Platforms/iPhoneOS.platform/Developer/usr/local/lib/swift/host/plugins\#/Applications/Xcode_15.4.app/Contents/Developer/Platforms/iPhoneOS.platform/Developer/usr/bin/swift-plugin-server -plugin-path /Applications/Xcode_15.4.app/Contents/Developer/Toolchains/XcodeDefault.xctoolchain/usr/lib/swift/host/plugins -plugin-path /Applications/Xcode_15.4.app/Contents/Developer/Toolchains/XcodeDefault.xctoolchain/usr/local/lib/swift/host/plugins -o /Users/runner/work/twitterhd/twitterhd/DerivedData/Build/Intermediates.noindex/TweetImageDownloader.build/Release-iphoneos/TweetImageDownloader.build/Objects-normal/arm64/TweetImageDownloaderApp.o -o /Users/runner/work/twitterhd/twitterhd/DerivedData/Build/Intermediates.noindex/TweetImageDownloader.build/Release-iphoneos/TweetImageDownloader.build/Objects-normal/arm64/TweetImageItem.o -o /Users/runner/work/twitterhd/twitterhd/DerivedData/Build/Intermediates.noindex/TweetImageDownloader.build/Release-iphoneos/TweetImageDownloader.build/Objects-normal/arm64/TwitterExtractorJS.o -o /Users/runner/work/twitterhd/twitterhd/DerivedData/Build/Intermediates.noindex/TweetImageDownloader.build/Release-iphoneos/TweetImageDownloader.build/Objects-normal/arm64/TwitterWebViewService.o -o /Users/runner/work/twitterhd/twitterhd/DerivedData/Build/Intermediates.noindex/TweetImageDownloader.build/Release-iphoneos/TweetImageDownloader.build/Objects-normal/arm64/PhotoLibraryManager.o -index-unit-output-path /TweetImageDownloader.build/Release-iphoneos/TweetImageDownloader.build/Objects-normal/arm64/TweetImageDownloaderApp.o -index-unit-output-path /TweetImageDownloader.build/Release-iphoneos/TweetImageDownloader.build/Objects-normal/arm64/TweetImageItem.o -index-unit-output-path /TweetImageDownloader.build/Release-iphoneos/TweetImageDownloader.build/Objects-normal/arm64/TwitterExtractorJS.o -index-unit-output-path /TweetImageDownloader.build/Release-iphoneos/TweetImageDownloader.build/Objects-normal/arm64/TwitterWebViewService.o -index-unit-output-path /TweetImageDownloader.build/Release-iphoneos/TweetImageDownloader.build/Objects-normal/arm64/PhotoLibraryManager.o

SwiftCompile normal arm64 /Users/runner/work/twitterhd/twitterhd/TweetImageDownloader/App/TweetImageDownloaderApp.swift (in target 'TweetImageDownloader' from project 'TweetImageDownloader')
    cd /Users/runner/work/twitterhd/twitterhd
    /Applications/Xcode_15.4.app/Contents/Developer/Toolchains/XcodeDefault.xctoolchain/usr/bin/swift-frontend -c -primary-file /Users/runner/work/twitterhd/twitterhd/TweetImageDownloader/App/TweetImageDownloaderApp.swift -primary-file /Users/runner/work/twitterhd/twitterhd/TweetImageDownloader/Models/TweetImageItem.swift -primary-file /Users/runner/work/twitterhd/twitterhd/TweetImageDownloader/Services/TwitterExtractorJS.swift -primary-file /Users/runner/work/twitterhd/twitterhd/TweetImageDownloader/Services/TwitterWebViewService.swift -primary-file /Users/runner/work/twitterhd/twitterhd/TweetImageDownloader/Services/PhotoLibraryManager.swift /Users/runner/work/twitterhd/twitterhd/TweetImageDownloader/ViewModels/DownloaderViewModel.swift /Users/runner/work/twitterhd/twitterhd/TweetImageDownloader/Views/ContentView.swift /Users/runner/work/twitterhd/twitterhd/TweetImageDownloader/Views/MainDownloaderView.swift /Users/runner/work/twitterhd/twitterhd/TweetImageDownloader/Views/SettingsView.swift /Users/runner/work/twitterhd/twitterhd/TweetImageDownloader/Views/LoginWebViewModal.swift /Users/runner/work/twitterhd/twitterhd/TweetImageDownloader/Intents/ParseAndDownloadIntent.swift /Users/runner/work/twitterhd/twitterhd/TweetImageDownloader/Models/AuthorHistoryGroup.swift /Users/runner/work/twitterhd/twitterhd/TweetImageDownloader/Models/TweetHistoryItem.swift /Users/runner/work/twitterhd/twitterhd/TweetImageDownloader/Services/HistoryManager.swift /Users/runner/work/twitterhd/twitterhd/TweetImageDownloader/Views/HistoryView.swift -supplementary-output-file-map /Users/runner/work/twitterhd/twitterhd/DerivedData/Build/Intermediates.noindex/TweetImageDownloader.build/Release-iphoneos/TweetImageDownloader.build/Objects-normal/arm64/supplementaryOutputs-1 -target arm64-apple-ios16.0 -Xllvm -aarch64-use-tbi -enable-objc-interop -stack-check -sdk /Applications/Xcode_15.4.app/Contents/Developer/Platforms/iPhoneOS.platform/Developer/SDKs/iPhoneOS17.5.sdk -I /Users/runner/work/twitterhd/twitterhd/build/Release-iphoneos -F /Users/runner/work/twitterhd/twitterhd/build/Release-iphoneos -no-color-diagnostics -g -module-cache-path /Users/runner/work/twitterhd/twitterhd/DerivedData/ModuleCache.noindex -swift-version 5 -enforce-exclusivity\=checked -O -serialize-debugging-options -const-gather-protocols-file /Users/runner/work/twitterhd/twitterhd/DerivedData/Build/Intermediates.noindex/TweetImageDownloader.build/Release-iphoneos/TweetImageDownloader.build/Objects-normal/arm64/TweetImageDownloader_const_extract_protocols.json -enable-bare-slash-regex -empty-abi-descriptor -validate-clang-modules-once -clang-build-session-file /Users/runner/work/twitterhd/twitterhd/DerivedData/ModuleCache.noindex/Session.modulevalidation -Xcc -working-directory -Xcc /Users/runner/work/twitterhd/twitterhd -resource-dir /Applications/Xcode_15.4.app/Contents/Developer/Toolchains/XcodeDefault.xctoolchain/usr/lib/swift -Xcc -ivfsstatcache -Xcc /Users/runner/work/twitterhd/twitterhd/DerivedData/SDKStatCaches.noindex/iphoneos17.5-21F77-f0fa7969d082b13145125136a829df3a.sdkstatcache -Xcc -I/Users/runner/work/twitterhd/twitterhd/DerivedData/Build/Intermediates.noindex/TweetImageDownloader.build/Release-iphoneos/TweetImageDownloader.build/swift-overrides.hmap -Xcc -iquote -Xcc /Users/runner/work/twitterhd/twitterhd/DerivedData/Build/Intermediates.noindex/TweetImageDownloader.build/Release-iphoneos/TweetImageDownloader.build/TweetImageDownloader-generated-files.hmap -Xcc -I/Users/runner/work/twitterhd/twitterhd/DerivedData/Build/Intermediates.noindex/TweetImageDownloader.build/Release-iphoneos/TweetImageDownloader.build/TweetImageDownloader-own-target-headers.hmap -Xcc -I/Users/runner/work/twitterhd/twitterhd/DerivedData/Build/Intermediates.noindex/TweetImageDownloader.build/Release-iphoneos/TweetImageDownloader.build/TweetImageDownloader-all-target-headers.hmap -Xcc -iquote -Xcc /Users/runner/work/twitterhd/twitterhd/DerivedData/Build/Intermediates.noindex/TweetImageDownloader.build/Release-iphoneos/TweetImageDownloader.build/TweetImageDownloader-project-headers.hmap -Xcc -I/Users/runner/work/twitterhd/twitterhd/build/Release-iphoneos/include -Xcc -I/Users/runner/work/twitterhd/twitterhd/DerivedData/Build/Intermediates.noindex/TweetImageDownloader.build/Release-iphoneos/TweetImageDownloader.build/DerivedSources-normal/arm64 -Xcc -I/Users/runner/work/twitterhd/twitterhd/DerivedData/Build/Intermediates.noindex/TweetImageDownloader.build/Release-iphoneos/TweetImageDownloader.build/DerivedSources/arm64 -Xcc -I/Users/runner/work/twitterhd/twitterhd/DerivedData/Build/Intermediates.noindex/TweetImageDownloader.build/Release-iphoneos/TweetImageDownloader.build/DerivedSources -module-name TweetImageDownloader -frontend-parseable-output -disable-clang-spi -target-sdk-version 17.5 -target-sdk-name iphoneos17.5 -external-plugin-path /Applications/Xcode_15.4.app/Contents/Developer/Platforms/iPhoneOS.platform/Developer/SDKs/iPhoneOS17.5.sdk/usr/lib/swift/host/plugins\#/Applications/Xcode_15.4.app/Contents/Developer/Platforms/iPhoneOS.platform/Developer/SDKs/iPhoneOS17.5.sdk/usr/bin/swift-plugin-server -external-plugin-path /Applications/Xcode_15.4.app/Contents/Developer/Platforms/iPhoneOS.platform/Developer/SDKs/iPhoneOS17.5.sdk/usr/local/lib/swift/host/plugins\#/Applications/Xcode_15.4.app/Contents/Developer/Platforms/iPhoneOS.platform/Developer/SDKs/iPhoneOS17.5.sdk/usr/bin/swift-plugin-server -external-plugin-path /Applications/Xcode_15.4.app/Contents/Developer/Platforms/iPhoneOS.platform/Developer/usr/lib/swift/host/plugins\#/Applications/Xcode_15.4.app/Contents/Developer/Platforms/iPhoneOS.platform/Developer/usr/bin/swift-plugin-server -external-plugin-path /Applications/Xcode_15.4.app/Contents/Developer/Platforms/iPhoneOS.platform/Developer/usr/local/lib/swift/host/plugins\#/Applications/Xcode_15.4.app/Contents/Developer/Platforms/iPhoneOS.platform/Developer/usr/bin/swift-plugin-server -plugin-path /Applications/Xcode_15.4.app/Contents/Developer/Toolchains/XcodeDefault.xctoolchain/usr/lib/swift/host/plugins -plugin-path /Applications/Xcode_15.4.app/Contents/Developer/Toolchains/XcodeDefault.xctoolchain/usr/local/lib/swift/host/plugins -o /Users/runner/work/twitterhd/twitterhd/DerivedData/Build/Intermediates.noindex/TweetImageDownloader.build/Release-iphoneos/TweetImageDownloader.build/Objects-normal/arm64/TweetImageDownloaderApp.o -o /Users/runner/work/twitterhd/twitterhd/DerivedData/Build/Intermediates.noindex/TweetImageDownloader.build/Release-iphoneos/TweetImageDownloader.build/Objects-normal/arm64/TweetImageItem.o -o /Users/runner/work/twitterhd/twitterhd/DerivedData/Build/Intermediates.noindex/TweetImageDownloader.build/Release-iphoneos/TweetImageDownloader.build/Objects-normal/arm64/TwitterExtractorJS.o -o /Users/runner/work/twitterhd/twitterhd/DerivedData/Build/Intermediates.noindex/TweetImageDownloader.build/Release-iphoneos/TweetImageDownloader.build/Objects-normal/arm64/TwitterWebViewService.o -o /Users/runner/work/twitterhd/twitterhd/DerivedData/Build/Intermediates.noindex/TweetImageDownloader.build/Release-iphoneos/TweetImageDownloader.build/Objects-normal/arm64/PhotoLibraryManager.o -index-unit-output-path /TweetImageDownloader.build/Release-iphoneos/TweetImageDownloader.build/Objects-normal/arm64/TweetImageDownloaderApp.o -index-unit-output-path /TweetImageDownloader.build/Release-iphoneos/TweetImageDownloader.build/Objects-normal/arm64/TweetImageItem.o -index-unit-output-path /TweetImageDownloader.build/Release-iphoneos/TweetImageDownloader.build/Objects-normal/arm64/TwitterExtractorJS.o -index-unit-output-path /TweetImageDownloader.build/Release-iphoneos/TweetImageDownloader.build/Objects-normal/arm64/TwitterWebViewService.o -index-unit-output-path /TweetImageDownloader.build/Release-iphoneos/TweetImageDownloader.build/Objects-normal/arm64/PhotoLibraryManager.o

SwiftCompile normal arm64 /Users/runner/work/twitterhd/twitterhd/TweetImageDownloader/Models/TweetImageItem.swift (in target 'TweetImageDownloader' from project 'TweetImageDownloader')
    cd /Users/runner/work/twitterhd/twitterhd
    /Applications/Xcode_15.4.app/Contents/Developer/Toolchains/XcodeDefault.xctoolchain/usr/bin/swift-frontend -c -primary-file /Users/runner/work/twitterhd/twitterhd/TweetImageDownloader/App/TweetImageDownloaderApp.swift -primary-file /Users/runner/work/twitterhd/twitterhd/TweetImageDownloader/Models/TweetImageItem.swift -primary-file /Users/runner/work/twitterhd/twitterhd/TweetImageDownloader/Services/TwitterExtractorJS.swift -primary-file /Users/runner/work/twitterhd/twitterhd/TweetImageDownloader/Services/TwitterWebViewService.swift -primary-file /Users/runner/work/twitterhd/twitterhd/TweetImageDownloader/Services/PhotoLibraryManager.swift /Users/runner/work/twitterhd/twitterhd/TweetImageDownloader/ViewModels/DownloaderViewModel.swift /Users/runner/work/twitterhd/twitterhd/TweetImageDownloader/Views/ContentView.swift /Users/runner/work/twitterhd/twitterhd/TweetImageDownloader/Views/MainDownloaderView.swift /Users/runner/work/twitterhd/twitterhd/TweetImageDownloader/Views/SettingsView.swift /Users/runner/work/twitterhd/twitterhd/TweetImageDownloader/Views/LoginWebViewModal.swift /Users/runner/work/twitterhd/twitterhd/TweetImageDownloader/Intents/ParseAndDownloadIntent.swift /Users/runner/work/twitterhd/twitterhd/TweetImageDownloader/Models/AuthorHistoryGroup.swift /Users/runner/work/twitterhd/twitterhd/TweetImageDownloader/Models/TweetHistoryItem.swift /Users/runner/work/twitterhd/twitterhd/TweetImageDownloader/Services/HistoryManager.swift /Users/runner/work/twitterhd/twitterhd/TweetImageDownloader/Views/HistoryView.swift -supplementary-output-file-map /Users/runner/work/twitterhd/twitterhd/DerivedData/Build/Intermediates.noindex/TweetImageDownloader.build/Release-iphoneos/TweetImageDownloader.build/Objects-normal/arm64/supplementaryOutputs-1 -target arm64-apple-ios16.0 -Xllvm -aarch64-use-tbi -enable-objc-interop -stack-check -sdk /Applications/Xcode_15.4.app/Contents/Developer/Platforms/iPhoneOS.platform/Developer/SDKs/iPhoneOS17.5.sdk -I /Users/runner/work/twitterhd/twitterhd/build/Release-iphoneos -F /Users/runner/work/twitterhd/twitterhd/build/Release-iphoneos -no-color-diagnostics -g -module-cache-path /Users/runner/work/twitterhd/twitterhd/DerivedData/ModuleCache.noindex -swift-version 5 -enforce-exclusivity\=checked -O -serialize-debugging-options -const-gather-protocols-file /Users/runner/work/twitterhd/twitterhd/DerivedData/Build/Intermediates.noindex/TweetImageDownloader.build/Release-iphoneos/TweetImageDownloader.build/Objects-normal/arm64/TweetImageDownloader_const_extract_protocols.json -enable-bare-slash-regex -empty-abi-descriptor -validate-clang-modules-once -clang-build-session-file /Users/runner/work/twitterhd/twitterhd/DerivedData/ModuleCache.noindex/Session.modulevalidation -Xcc -working-directory -Xcc /Users/runner/work/twitterhd/twitterhd -resource-dir /Applications/Xcode_15.4.app/Contents/Developer/Toolchains/XcodeDefault.xctoolchain/usr/lib/swift -Xcc -ivfsstatcache -Xcc /Users/runner/work/twitterhd/twitterhd/DerivedData/SDKStatCaches.noindex/iphoneos17.5-21F77-f0fa7969d082b13145125136a829df3a.sdkstatcache -Xcc -I/Users/runner/work/twitterhd/twitterhd/DerivedData/Build/Intermediates.noindex/TweetImageDownloader.build/Release-iphoneos/TweetImageDownloader.build/swift-overrides.hmap -Xcc -iquote -Xcc /Users/runner/work/twitterhd/twitterhd/DerivedData/Build/Intermediates.noindex/TweetImageDownloader.build/Release-iphoneos/TweetImageDownloader.build/TweetImageDownloader-generated-files.hmap -Xcc -I/Users/runner/work/twitterhd/twitterhd/DerivedData/Build/Intermediates.noindex/TweetImageDownloader.build/Release-iphoneos/TweetImageDownloader.build/TweetImageDownloader-own-target-headers.hmap -Xcc -I/Users/runner/work/twitterhd/twitterhd/DerivedData/Build/Intermediates.noindex/TweetImageDownloader.build/Release-iphoneos/TweetImageDownloader.build/TweetImageDownloader-all-target-headers.hmap -Xcc -iquote -Xcc /Users/runner/work/twitterhd/twitterhd/DerivedData/Build/Intermediates.noindex/TweetImageDownloader.build/Release-iphoneos/TweetImageDownloader.build/TweetImageDownloader-project-headers.hmap -Xcc -I/Users/runner/work/twitterhd/twitterhd/build/Release-iphoneos/include -Xcc -I/Users/runner/work/twitterhd/twitterhd/DerivedData/Build/Intermediates.noindex/TweetImageDownloader.build/Release-iphoneos/TweetImageDownloader.build/DerivedSources-normal/arm64 -Xcc -I/Users/runner/work/twitterhd/twitterhd/DerivedData/Build/Intermediates.noindex/TweetImageDownloader.build/Release-iphoneos/TweetImageDownloader.build/DerivedSources/arm64 -Xcc -I/Users/runner/work/twitterhd/twitterhd/DerivedData/Build/Intermediates.noindex/TweetImageDownloader.build/Release-iphoneos/TweetImageDownloader.build/DerivedSources -module-name TweetImageDownloader -frontend-parseable-output -disable-clang-spi -target-sdk-version 17.5 -target-sdk-name iphoneos17.5 -external-plugin-path /Applications/Xcode_15.4.app/Contents/Developer/Platforms/iPhoneOS.platform/Developer/SDKs/iPhoneOS17.5.sdk/usr/lib/swift/host/plugins\#/Applications/Xcode_15.4.app/Contents/Developer/Platforms/iPhoneOS.platform/Developer/SDKs/iPhoneOS17.5.sdk/usr/bin/swift-plugin-server -external-plugin-path /Applications/Xcode_15.4.app/Contents/Developer/Platforms/iPhoneOS.platform/Developer/SDKs/iPhoneOS17.5.sdk/usr/local/lib/swift/host/plugins\#/Applications/Xcode_15.4.app/Contents/Developer/Platforms/iPhoneOS.platform/Developer/SDKs/iPhoneOS17.5.sdk/usr/bin/swift-plugin-server -external-plugin-path /Applications/Xcode_15.4.app/Contents/Developer/Platforms/iPhoneOS.platform/Developer/usr/lib/swift/host/plugins\#/Applications/Xcode_15.4.app/Contents/Developer/Platforms/iPhoneOS.platform/Developer/usr/bin/swift-plugin-server -external-plugin-path /Applications/Xcode_15.4.app/Contents/Developer/Platforms/iPhoneOS.platform/Developer/usr/local/lib/swift/host/plugins\#/Applications/Xcode_15.4.app/Contents/Developer/Platforms/iPhoneOS.platform/Developer/usr/bin/swift-plugin-server -plugin-path /Applications/Xcode_15.4.app/Contents/Developer/Toolchains/XcodeDefault.xctoolchain/usr/lib/swift/host/plugins -plugin-path /Applications/Xcode_15.4.app/Contents/Developer/Toolchains/XcodeDefault.xctoolchain/usr/local/lib/swift/host/plugins -o /Users/runner/work/twitterhd/twitterhd/DerivedData/Build/Intermediates.noindex/TweetImageDownloader.build/Release-iphoneos/TweetImageDownloader.build/Objects-normal/arm64/TweetImageDownloaderApp.o -o /Users/runner/work/twitterhd/twitterhd/DerivedData/Build/Intermediates.noindex/TweetImageDownloader.build/Release-iphoneos/TweetImageDownloader.build/Objects-normal/arm64/TweetImageItem.o -o /Users/runner/work/twitterhd/twitterhd/DerivedData/Build/Intermediates.noindex/TweetImageDownloader.build/Release-iphoneos/TweetImageDownloader.build/Objects-normal/arm64/TwitterExtractorJS.o -o /Users/runner/work/twitterhd/twitterhd/DerivedData/Build/Intermediates.noindex/TweetImageDownloader.build/Release-iphoneos/TweetImageDownloader.build/Objects-normal/arm64/TwitterWebViewService.o -o /Users/runner/work/twitterhd/twitterhd/DerivedData/Build/Intermediates.noindex/TweetImageDownloader.build/Release-iphoneos/TweetImageDownloader.build/Objects-normal/arm64/PhotoLibraryManager.o -index-unit-output-path /TweetImageDownloader.build/Release-iphoneos/TweetImageDownloader.build/Objects-normal/arm64/TweetImageDownloaderApp.o -index-unit-output-path /TweetImageDownloader.build/Release-iphoneos/TweetImageDownloader.build/Objects-normal/arm64/TweetImageItem.o -index-unit-output-path /TweetImageDownloader.build/Release-iphoneos/TweetImageDownloader.build/Objects-normal/arm64/TwitterExtractorJS.o -index-unit-output-path /TweetImageDownloader.build/Release-iphoneos/TweetImageDownloader.build/Objects-normal/arm64/TwitterWebViewService.o -index-unit-output-path /TweetImageDownloader.build/Release-iphoneos/TweetImageDownloader.build/Objects-normal/arm64/PhotoLibraryManager.o

SwiftCompile normal arm64 /Users/runner/work/twitterhd/twitterhd/TweetImageDownloader/Services/TwitterExtractorJS.swift (in target 'TweetImageDownloader' from project 'TweetImageDownloader')
    cd /Users/runner/work/twitterhd/twitterhd
    /Applications/Xcode_15.4.app/Contents/Developer/Toolchains/XcodeDefault.xctoolchain/usr/bin/swift-frontend -c -primary-file /Users/runner/work/twitterhd/twitterhd/TweetImageDownloader/App/TweetImageDownloaderApp.swift -primary-file /Users/runner/work/twitterhd/twitterhd/TweetImageDownloader/Models/TweetImageItem.swift -primary-file /Users/runner/work/twitterhd/twitterhd/TweetImageDownloader/Services/TwitterExtractorJS.swift -primary-file /Users/runner/work/twitterhd/twitterhd/TweetImageDownloader/Services/TwitterWebViewService.swift -primary-file /Users/runner/work/twitterhd/twitterhd/TweetImageDownloader/Services/PhotoLibraryManager.swift /Users/runner/work/twitterhd/twitterhd/TweetImageDownloader/ViewModels/DownloaderViewModel.swift /Users/runner/work/twitterhd/twitterhd/TweetImageDownloader/Views/ContentView.swift /Users/runner/work/twitterhd/twitterhd/TweetImageDownloader/Views/MainDownloaderView.swift /Users/runner/work/twitterhd/twitterhd/TweetImageDownloader/Views/SettingsView.swift /Users/runner/work/twitterhd/twitterhd/TweetImageDownloader/Views/LoginWebViewModal.swift /Users/runner/work/twitterhd/twitterhd/TweetImageDownloader/Intents/ParseAndDownloadIntent.swift /Users/runner/work/twitterhd/twitterhd/TweetImageDownloader/Models/AuthorHistoryGroup.swift /Users/runner/work/twitterhd/twitterhd/TweetImageDownloader/Models/TweetHistoryItem.swift /Users/runner/work/twitterhd/twitterhd/TweetImageDownloader/Services/HistoryManager.swift /Users/runner/work/twitterhd/twitterhd/TweetImageDownloader/Views/HistoryView.swift -supplementary-output-file-map /Users/runner/work/twitterhd/twitterhd/DerivedData/Build/Intermediates.noindex/TweetImageDownloader.build/Release-iphoneos/TweetImageDownloader.build/Objects-normal/arm64/supplementaryOutputs-1 -target arm64-apple-ios16.0 -Xllvm -aarch64-use-tbi -enable-objc-interop -stack-check -sdk /Applications/Xcode_15.4.app/Contents/Developer/Platforms/iPhoneOS.platform/Developer/SDKs/iPhoneOS17.5.sdk -I /Users/runner/work/twitterhd/twitterhd/build/Release-iphoneos -F /Users/runner/work/twitterhd/twitterhd/build/Release-iphoneos -no-color-diagnostics -g -module-cache-path /Users/runner/work/twitterhd/twitterhd/DerivedData/ModuleCache.noindex -swift-version 5 -enforce-exclusivity\=checked -O -serialize-debugging-options -const-gather-protocols-file /Users/runner/work/twitterhd/twitterhd/DerivedData/Build/Intermediates.noindex/TweetImageDownloader.build/Release-iphoneos/TweetImageDownloader.build/Objects-normal/arm64/TweetImageDownloader_const_extract_protocols.json -enable-bare-slash-regex -empty-abi-descriptor -validate-clang-modules-once -clang-build-session-file /Users/runner/work/twitterhd/twitterhd/DerivedData/ModuleCache.noindex/Session.modulevalidation -Xcc -working-directory -Xcc /Users/runner/work/twitterhd/twitterhd -resource-dir /Applications/Xcode_15.4.app/Contents/Developer/Toolchains/XcodeDefault.xctoolchain/usr/lib/swift -Xcc -ivfsstatcache -Xcc /Users/runner/work/twitterhd/twitterhd/DerivedData/SDKStatCaches.noindex/iphoneos17.5-21F77-f0fa7969d082b13145125136a829df3a.sdkstatcache -Xcc -I/Users/runner/work/twitterhd/twitterhd/DerivedData/Build/Intermediates.noindex/TweetImageDownloader.build/Release-iphoneos/TweetImageDownloader.build/swift-overrides.hmap -Xcc -iquote -Xcc /Users/runner/work/twitterhd/twitterhd/DerivedData/Build/Intermediates.noindex/TweetImageDownloader.build/Release-iphoneos/TweetImageDownloader.build/TweetImageDownloader-generated-files.hmap -Xcc -I/Users/runner/work/twitterhd/twitterhd/DerivedData/Build/Intermediates.noindex/TweetImageDownloader.build/Release-iphoneos/TweetImageDownloader.build/TweetImageDownloader-own-target-headers.hmap -Xcc -I/Users/runner/work/twitterhd/twitterhd/DerivedData/Build/Intermediates.noindex/TweetImageDownloader.build/Release-iphoneos/TweetImageDownloader.build/TweetImageDownloader-all-target-headers.hmap -Xcc -iquote -Xcc /Users/runner/work/twitterhd/twitterhd/DerivedData/Build/Intermediates.noindex/TweetImageDownloader.build/Release-iphoneos/TweetImageDownloader.build/TweetImageDownloader-project-headers.hmap -Xcc -I/Users/runner/work/twitterhd/twitterhd/build/Release-iphoneos/include -Xcc -I/Users/runner/work/twitterhd/twitterhd/DerivedData/Build/Intermediates.noindex/TweetImageDownloader.build/Release-iphoneos/TweetImageDownloader.build/DerivedSources-normal/arm64 -Xcc -I/Users/runner/work/twitterhd/twitterhd/DerivedData/Build/Intermediates.noindex/TweetImageDownloader.build/Release-iphoneos/TweetImageDownloader.build/DerivedSources/arm64 -Xcc -I/Users/runner/work/twitterhd/twitterhd/DerivedData/Build/Intermediates.noindex/TweetImageDownloader.build/Release-iphoneos/TweetImageDownloader.build/DerivedSources -module-name TweetImageDownloader -frontend-parseable-output -disable-clang-spi -target-sdk-version 17.5 -target-sdk-name iphoneos17.5 -external-plugin-path /Applications/Xcode_15.4.app/Contents/Developer/Platforms/iPhoneOS.platform/Developer/SDKs/iPhoneOS17.5.sdk/usr/lib/swift/host/plugins\#/Applications/Xcode_15.4.app/Contents/Developer/Platforms/iPhoneOS.platform/Developer/SDKs/iPhoneOS17.5.sdk/usr/bin/swift-plugin-server -external-plugin-path /Applications/Xcode_15.4.app/Contents/Developer/Platforms/iPhoneOS.platform/Developer/SDKs/iPhoneOS17.5.sdk/usr/local/lib/swift/host/plugins\#/Applications/Xcode_15.4.app/Contents/Developer/Platforms/iPhoneOS.platform/Developer/SDKs/iPhoneOS17.5.sdk/usr/bin/swift-plugin-server -external-plugin-path /Applications/Xcode_15.4.app/Contents/Developer/Platforms/iPhoneOS.platform/Developer/usr/lib/swift/host/plugins\#/Applications/Xcode_15.4.app/Contents/Developer/Platforms/iPhoneOS.platform/Developer/usr/bin/swift-plugin-server -external-plugin-path /Applications/Xcode_15.4.app/Contents/Developer/Platforms/iPhoneOS.platform/Developer/usr/local/lib/swift/host/plugins\#/Applications/Xcode_15.4.app/Contents/Developer/Platforms/iPhoneOS.platform/Developer/usr/bin/swift-plugin-server -plugin-path /Applications/Xcode_15.4.app/Contents/Developer/Toolchains/XcodeDefault.xctoolchain/usr/lib/swift/host/plugins -plugin-path /Applications/Xcode_15.4.app/Contents/Developer/Toolchains/XcodeDefault.xctoolchain/usr/local/lib/swift/host/plugins -o /Users/runner/work/twitterhd/twitterhd/DerivedData/Build/Intermediates.noindex/TweetImageDownloader.build/Release-iphoneos/TweetImageDownloader.build/Objects-normal/arm64/TweetImageDownloaderApp.o -o /Users/runner/work/twitterhd/twitterhd/DerivedData/Build/Intermediates.noindex/TweetImageDownloader.build/Release-iphoneos/TweetImageDownloader.build/Objects-normal/arm64/TweetImageItem.o -o /Users/runner/work/twitterhd/twitterhd/DerivedData/Build/Intermediates.noindex/TweetImageDownloader.build/Release-iphoneos/TweetImageDownloader.build/Objects-normal/arm64/TwitterExtractorJS.o -o /Users/runner/work/twitterhd/twitterhd/DerivedData/Build/Intermediates.noindex/TweetImageDownloader.build/Release-iphoneos/TweetImageDownloader.build/Objects-normal/arm64/TwitterWebViewService.o -o /Users/runner/work/twitterhd/twitterhd/DerivedData/Build/Intermediates.noindex/TweetImageDownloader.build/Release-iphoneos/TweetImageDownloader.build/Objects-normal/arm64/PhotoLibraryManager.o -index-unit-output-path /TweetImageDownloader.build/Release-iphoneos/TweetImageDownloader.build/Objects-normal/arm64/TweetImageDownloaderApp.o -index-unit-output-path /TweetImageDownloader.build/Release-iphoneos/TweetImageDownloader.build/Objects-normal/arm64/TweetImageItem.o -index-unit-output-path /TweetImageDownloader.build/Release-iphoneos/TweetImageDownloader.build/Objects-normal/arm64/TwitterExtractorJS.o -index-unit-output-path /TweetImageDownloader.build/Release-iphoneos/TweetImageDownloader.build/Objects-normal/arm64/TwitterWebViewService.o -index-unit-output-path /TweetImageDownloader.build/Release-iphoneos/TweetImageDownloader.build/Objects-normal/arm64/PhotoLibraryManager.o

SwiftCompile normal arm64 /Users/runner/work/twitterhd/twitterhd/TweetImageDownloader/Services/TwitterWebViewService.swift (in target 'TweetImageDownloader' from project 'TweetImageDownloader')
    cd /Users/runner/work/twitterhd/twitterhd
    /Applications/Xcode_15.4.app/Contents/Developer/Toolchains/XcodeDefault.xctoolchain/usr/bin/swift-frontend -c -primary-file /Users/runner/work/twitterhd/twitterhd/TweetImageDownloader/App/TweetImageDownloaderApp.swift -primary-file /Users/runner/work/twitterhd/twitterhd/TweetImageDownloader/Models/TweetImageItem.swift -primary-file /Users/runner/work/twitterhd/twitterhd/TweetImageDownloader/Services/TwitterExtractorJS.swift -primary-file /Users/runner/work/twitterhd/twitterhd/TweetImageDownloader/Services/TwitterWebViewService.swift -primary-file /Users/runner/work/twitterhd/twitterhd/TweetImageDownloader/Services/PhotoLibraryManager.swift /Users/runner/work/twitterhd/twitterhd/TweetImageDownloader/ViewModels/DownloaderViewModel.swift /Users/runner/work/twitterhd/twitterhd/TweetImageDownloader/Views/ContentView.swift /Users/runner/work/twitterhd/twitterhd/TweetImageDownloader/Views/MainDownloaderView.swift /Users/runner/work/twitterhd/twitterhd/TweetImageDownloader/Views/SettingsView.swift /Users/runner/work/twitterhd/twitterhd/TweetImageDownloader/Views/LoginWebViewModal.swift /Users/runner/work/twitterhd/twitterhd/TweetImageDownloader/Intents/ParseAndDownloadIntent.swift /Users/runner/work/twitterhd/twitterhd/TweetImageDownloader/Models/AuthorHistoryGroup.swift /Users/runner/work/twitterhd/twitterhd/TweetImageDownloader/Models/TweetHistoryItem.swift /Users/runner/work/twitterhd/twitterhd/TweetImageDownloader/Services/HistoryManager.swift /Users/runner/work/twitterhd/twitterhd/TweetImageDownloader/Views/HistoryView.swift -supplementary-output-file-map /Users/runner/work/twitterhd/twitterhd/DerivedData/Build/Intermediates.noindex/TweetImageDownloader.build/Release-iphoneos/TweetImageDownloader.build/Objects-normal/arm64/supplementaryOutputs-1 -target arm64-apple-ios16.0 -Xllvm -aarch64-use-tbi -enable-objc-interop -stack-check -sdk /Applications/Xcode_15.4.app/Contents/Developer/Platforms/iPhoneOS.platform/Developer/SDKs/iPhoneOS17.5.sdk -I /Users/runner/work/twitterhd/twitterhd/build/Release-iphoneos -F /Users/runner/work/twitterhd/twitterhd/build/Release-iphoneos -no-color-diagnostics -g -module-cache-path /Users/runner/work/twitterhd/twitterhd/DerivedData/ModuleCache.noindex -swift-version 5 -enforce-exclusivity\=checked -O -serialize-debugging-options -const-gather-protocols-file /Users/runner/work/twitterhd/twitterhd/DerivedData/Build/Intermediates.noindex/TweetImageDownloader.build/Release-iphoneos/TweetImageDownloader.build/Objects-normal/arm64/TweetImageDownloader_const_extract_protocols.json -enable-bare-slash-regex -empty-abi-descriptor -validate-clang-modules-once -clang-build-session-file /Users/runner/work/twitterhd/twitterhd/DerivedData/ModuleCache.noindex/Session.modulevalidation -Xcc -working-directory -Xcc /Users/runner/work/twitterhd/twitterhd -resource-dir /Applications/Xcode_15.4.app/Contents/Developer/Toolchains/XcodeDefault.xctoolchain/usr/lib/swift -Xcc -ivfsstatcache -Xcc /Users/runner/work/twitterhd/twitterhd/DerivedData/SDKStatCaches.noindex/iphoneos17.5-21F77-f0fa7969d082b13145125136a829df3a.sdkstatcache -Xcc -I/Users/runner/work/twitterhd/twitterhd/DerivedData/Build/Intermediates.noindex/TweetImageDownloader.build/Release-iphoneos/TweetImageDownloader.build/swift-overrides.hmap -Xcc -iquote -Xcc /Users/runner/work/twitterhd/twitterhd/DerivedData/Build/Intermediates.noindex/TweetImageDownloader.build/Release-iphoneos/TweetImageDownloader.build/TweetImageDownloader-generated-files.hmap -Xcc -I/Users/runner/work/twitterhd/twitterhd/DerivedData/Build/Intermediates.noindex/TweetImageDownloader.build/Release-iphoneos/TweetImageDownloader.build/TweetImageDownloader-own-target-headers.hmap -Xcc -I/Users/runner/work/twitterhd/twitterhd/DerivedData/Build/Intermediates.noindex/TweetImageDownloader.build/Release-iphoneos/TweetImageDownloader.build/TweetImageDownloader-all-target-headers.hmap -Xcc -iquote -Xcc /Users/runner/work/twitterhd/twitterhd/DerivedData/Build/Intermediates.noindex/TweetImageDownloader.build/Release-iphoneos/TweetImageDownloader.build/TweetImageDownloader-project-headers.hmap -Xcc -I/Users/runner/work/twitterhd/twitterhd/build/Release-iphoneos/include -Xcc -I/Users/runner/work/twitterhd/twitterhd/DerivedData/Build/Intermediates.noindex/TweetImageDownloader.build/Release-iphoneos/TweetImageDownloader.build/DerivedSources-normal/arm64 -Xcc -I/Users/runner/work/twitterhd/twitterhd/DerivedData/Build/Intermediates.noindex/TweetImageDownloader.build/Release-iphoneos/TweetImageDownloader.build/DerivedSources/arm64 -Xcc -I/Users/runner/work/twitterhd/twitterhd/DerivedData/Build/Intermediates.noindex/TweetImageDownloader.build/Release-iphoneos/TweetImageDownloader.build/DerivedSources -module-name TweetImageDownloader -frontend-parseable-output -disable-clang-spi -target-sdk-version 17.5 -target-sdk-name iphoneos17.5 -external-plugin-path /Applications/Xcode_15.4.app/Contents/Developer/Platforms/iPhoneOS.platform/Developer/SDKs/iPhoneOS17.5.sdk/usr/lib/swift/host/plugins\#/Applications/Xcode_15.4.app/Contents/Developer/Platforms/iPhoneOS.platform/Developer/SDKs/iPhoneOS17.5.sdk/usr/bin/swift-plugin-server -external-plugin-path /Applications/Xcode_15.4.app/Contents/Developer/Platforms/iPhoneOS.platform/Developer/SDKs/iPhoneOS17.5.sdk/usr/local/lib/swift/host/plugins\#/Applications/Xcode_15.4.app/Contents/Developer/Platforms/iPhoneOS.platform/Developer/SDKs/iPhoneOS17.5.sdk/usr/bin/swift-plugin-server -external-plugin-path /Applications/Xcode_15.4.app/Contents/Developer/Platforms/iPhoneOS.platform/Developer/usr/lib/swift/host/plugins\#/Applications/Xcode_15.4.app/Contents/Developer/Platforms/iPhoneOS.platform/Developer/usr/bin/swift-plugin-server -external-plugin-path /Applications/Xcode_15.4.app/Contents/Developer/Platforms/iPhoneOS.platform/Developer/usr/local/lib/swift/host/plugins\#/Applications/Xcode_15.4.app/Contents/Developer/Platforms/iPhoneOS.platform/Developer/usr/bin/swift-plugin-server -plugin-path /Applications/Xcode_15.4.app/Contents/Developer/Toolchains/XcodeDefault.xctoolchain/usr/lib/swift/host/plugins -plugin-path /Applications/Xcode_15.4.app/Contents/Developer/Toolchains/XcodeDefault.xctoolchain/usr/local/lib/swift/host/plugins -o /Users/runner/work/twitterhd/twitterhd/DerivedData/Build/Intermediates.noindex/TweetImageDownloader.build/Release-iphoneos/TweetImageDownloader.build/Objects-normal/arm64/TweetImageDownloaderApp.o -o /Users/runner/work/twitterhd/twitterhd/DerivedData/Build/Intermediates.noindex/TweetImageDownloader.build/Release-iphoneos/TweetImageDownloader.build/Objects-normal/arm64/TweetImageItem.o -o /Users/runner/work/twitterhd/twitterhd/DerivedData/Build/Intermediates.noindex/TweetImageDownloader.build/Release-iphoneos/TweetImageDownloader.build/Objects-normal/arm64/TwitterExtractorJS.o -o /Users/runner/work/twitterhd/twitterhd/DerivedData/Build/Intermediates.noindex/TweetImageDownloader.build/Release-iphoneos/TweetImageDownloader.build/Objects-normal/arm64/TwitterWebViewService.o -o /Users/runner/work/twitterhd/twitterhd/DerivedData/Build/Intermediates.noindex/TweetImageDownloader.build/Release-iphoneos/TweetImageDownloader.build/Objects-normal/arm64/PhotoLibraryManager.o -index-unit-output-path /TweetImageDownloader.build/Release-iphoneos/TweetImageDownloader.build/Objects-normal/arm64/TweetImageDownloaderApp.o -index-unit-output-path /TweetImageDownloader.build/Release-iphoneos/TweetImageDownloader.build/Objects-normal/arm64/TweetImageItem.o -index-unit-output-path /TweetImageDownloader.build/Release-iphoneos/TweetImageDownloader.build/Objects-normal/arm64/TwitterExtractorJS.o -index-unit-output-path /TweetImageDownloader.build/Release-iphoneos/TweetImageDownloader.build/Objects-normal/arm64/TwitterWebViewService.o -index-unit-output-path /TweetImageDownloader.build/Release-iphoneos/TweetImageDownloader.build/Objects-normal/arm64/PhotoLibraryManager.o
/Users/runner/work/twitterhd/twitterhd/TweetImageDownloader/Services/TwitterWebViewService.swift:16:64: error: consecutive statements on a line must be separated by ';'
            return "网页加载超时，请检查网络或在"设置"中确认是否需要重新登录"
/Users/runner/work/twitterhd/twitterhd/TweetImageDownloader/Services/TwitterWebViewService.swift:16:70: error: consecutive statements on a line must be separated by ';'
            return "网页加载超时，请检查网络或在"设置"中确认是否需要重新登录"
/Users/runner/work/twitterhd/twitterhd/TweetImageDownloader/Services/TwitterWebViewService.swift:16:64: error: cannot find '设置' in scope
            return "网页加载超时，请检查网络或在"设置"中确认是否需要重新登录"
/Users/runner/work/twitterhd/twitterhd/TweetImageDownloader/Services/TwitterWebViewService.swift:16:70: warning: string literal is unused
            return "网页加载超时，请检查网络或在"设置"中确认是否需要重新登录"

SwiftCompile normal arm64 /Users/runner/work/twitterhd/twitterhd/TweetImageDownloader/Services/PhotoLibraryManager.swift (in target 'TweetImageDownloader' from project 'TweetImageDownloader')
    cd /Users/runner/work/twitterhd/twitterhd
    /Applications/Xcode_15.4.app/Contents/Developer/Toolchains/XcodeDefault.xctoolchain/usr/bin/swift-frontend -c -primary-file /Users/runner/work/twitterhd/twitterhd/TweetImageDownloader/App/TweetImageDownloaderApp.swift -primary-file /Users/runner/work/twitterhd/twitterhd/TweetImageDownloader/Models/TweetImageItem.swift -primary-file /Users/runner/work/twitterhd/twitterhd/TweetImageDownloader/Services/TwitterExtractorJS.swift -primary-file /Users/runner/work/twitterhd/twitterhd/TweetImageDownloader/Services/TwitterWebViewService.swift -primary-file /Users/runner/work/twitterhd/twitterhd/TweetImageDownloader/Services/PhotoLibraryManager.swift /Users/runner/work/twitterhd/twitterhd/TweetImageDownloader/ViewModels/DownloaderViewModel.swift /Users/runner/work/twitterhd/twitterhd/TweetImageDownloader/Views/ContentView.swift /Users/runner/work/twitterhd/twitterhd/TweetImageDownloader/Views/MainDownloaderView.swift /Users/runner/work/twitterhd/twitterhd/TweetImageDownloader/Views/SettingsView.swift /Users/runner/work/twitterhd/twitterhd/TweetImageDownloader/Views/LoginWebViewModal.swift /Users/runner/work/twitterhd/twitterhd/TweetImageDownloader/Intents/ParseAndDownloadIntent.swift /Users/runner/work/twitterhd/twitterhd/TweetImageDownloader/Models/AuthorHistoryGroup.swift /Users/runner/work/twitterhd/twitterhd/TweetImageDownloader/Models/TweetHistoryItem.swift /Users/runner/work/twitterhd/twitterhd/TweetImageDownloader/Services/HistoryManager.swift /Users/runner/work/twitterhd/twitterhd/TweetImageDownloader/Views/HistoryView.swift -supplementary-output-file-map /Users/runner/work/twitterhd/twitterhd/DerivedData/Build/Intermediates.noindex/TweetImageDownloader.build/Release-iphoneos/TweetImageDownloader.build/Objects-normal/arm64/supplementaryOutputs-1 -target arm64-apple-ios16.0 -Xllvm -aarch64-use-tbi -enable-objc-interop -stack-check -sdk /Applications/Xcode_15.4.app/Contents/Developer/Platforms/iPhoneOS.platform/Developer/SDKs/iPhoneOS17.5.sdk -I /Users/runner/work/twitterhd/twitterhd/build/Release-iphoneos -F /Users/runner/work/twitterhd/twitterhd/build/Release-iphoneos -no-color-diagnostics -g -module-cache-path /Users/runner/work/twitterhd/twitterhd/DerivedData/ModuleCache.noindex -swift-version 5 -enforce-exclusivity\=checked -O -serialize-debugging-options -const-gather-protocols-file /Users/runner/work/twitterhd/twitterhd/DerivedData/Build/Intermediates.noindex/TweetImageDownloader.build/Release-iphoneos/TweetImageDownloader.build/Objects-normal/arm64/TweetImageDownloader_const_extract_protocols.json -enable-bare-slash-regex -empty-abi-descriptor -validate-clang-modules-once -clang-build-session-file /Users/runner/work/twitterhd/twitterhd/DerivedData/ModuleCache.noindex/Session.modulevalidation -Xcc -working-directory -Xcc /Users/runner/work/twitterhd/twitterhd -resource-dir /Applications/Xcode_15.4.app/Contents/Developer/Toolchains/XcodeDefault.xctoolchain/usr/lib/swift -Xcc -ivfsstatcache -Xcc /Users/runner/work/twitterhd/twitterhd/DerivedData/SDKStatCaches.noindex/iphoneos17.5-21F77-f0fa7969d082b13145125136a829df3a.sdkstatcache -Xcc -I/Users/runner/work/twitterhd/twitterhd/DerivedData/Build/Intermediates.noindex/TweetImageDownloader.build/Release-iphoneos/TweetImageDownloader.build/swift-overrides.hmap -Xcc -iquote -Xcc /Users/runner/work/twitterhd/twitterhd/DerivedData/Build/Intermediates.noindex/TweetImageDownloader.build/Release-iphoneos/TweetImageDownloader.build/TweetImageDownloader-generated-files.hmap -Xcc -I/Users/runner/work/twitterhd/twitterhd/DerivedData/Build/Intermediates.noindex/TweetImageDownloader.build/Release-iphoneos/TweetImageDownloader.build/TweetImageDownloader-own-target-headers.hmap -Xcc -I/Users/runner/work/twitterhd/twitterhd/DerivedData/Build/Intermediates.noindex/TweetImageDownloader.build/Release-iphoneos/TweetImageDownloader.build/TweetImageDownloader-all-target-headers.hmap -Xcc -iquote -Xcc /Users/runner/work/twitterhd/twitterhd/DerivedData/Build/Intermediates.noindex/TweetImageDownloader.build/Release-iphoneos/TweetImageDownloader.build/TweetImageDownloader-project-headers.hmap -Xcc -I/Users/runner/work/twitterhd/twitterhd/build/Release-iphoneos/include -Xcc -I/Users/runner/work/twitterhd/twitterhd/DerivedData/Build/Intermediates.noindex/TweetImageDownloader.build/Release-iphoneos/TweetImageDownloader.build/DerivedSources-normal/arm64 -Xcc -I/Users/runner/work/twitterhd/twitterhd/DerivedData/Build/Intermediates.noindex/TweetImageDownloader.build/Release-iphoneos/TweetImageDownloader.build/DerivedSources/arm64 -Xcc -I/Users/runner/work/twitterhd/twitterhd/DerivedData/Build/Intermediates.noindex/TweetImageDownloader.build/Release-iphoneos/TweetImageDownloader.build/DerivedSources -module-name TweetImageDownloader -frontend-parseable-output -disable-clang-spi -target-sdk-version 17.5 -target-sdk-name iphoneos17.5 -external-plugin-path /Applications/Xcode_15.4.app/Contents/Developer/Platforms/iPhoneOS.platform/Developer/SDKs/iPhoneOS17.5.sdk/usr/lib/swift/host/plugins\#/Applications/Xcode_15.4.app/Contents/Developer/Platforms/iPhoneOS.platform/Developer/SDKs/iPhoneOS17.5.sdk/usr/bin/swift-plugin-server -external-plugin-path /Applications/Xcode_15.4.app/Contents/Developer/Platforms/iPhoneOS.platform/Developer/SDKs/iPhoneOS17.5.sdk/usr/local/lib/swift/host/plugins\#/Applications/Xcode_15.4.app/Contents/Developer/Platforms/iPhoneOS.platform/Developer/SDKs/iPhoneOS17.5.sdk/usr/bin/swift-plugin-server -external-plugin-path /Applications/Xcode_15.4.app/Contents/Developer/Platforms/iPhoneOS.platform/Developer/usr/lib/swift/host/plugins\#/Applications/Xcode_15.4.app/Contents/Developer/Platforms/iPhoneOS.platform/Developer/usr/bin/swift-plugin-server -external-plugin-path /Applications/Xcode_15.4.app/Contents/Developer/Platforms/iPhoneOS.platform/Developer/usr/local/lib/swift/host/plugins\#/Applications/Xcode_15.4.app/Contents/Developer/Platforms/iPhoneOS.platform/Developer/usr/bin/swift-plugin-server -plugin-path /Applications/Xcode_15.4.app/Contents/Developer/Toolchains/XcodeDefault.xctoolchain/usr/lib/swift/host/plugins -plugin-path /Applications/Xcode_15.4.app/Contents/Developer/Toolchains/XcodeDefault.xctoolchain/usr/local/lib/swift/host/plugins -o /Users/runner/work/twitterhd/twitterhd/DerivedData/Build/Intermediates.noindex/TweetImageDownloader.build/Release-iphoneos/TweetImageDownloader.build/Objects-normal/arm64/TweetImageDownloaderApp.o -o /Users/runner/work/twitterhd/twitterhd/DerivedData/Build/Intermediates.noindex/TweetImageDownloader.build/Release-iphoneos/TweetImageDownloader.build/Objects-normal/arm64/TweetImageItem.o -o /Users/runner/work/twitterhd/twitterhd/DerivedData/Build/Intermediates.noindex/TweetImageDownloader.build/Release-iphoneos/TweetImageDownloader.build/Objects-normal/arm64/TwitterExtractorJS.o -o /Users/runner/work/twitterhd/twitterhd/DerivedData/Build/Intermediates.noindex/TweetImageDownloader.build/Release-iphoneos/TweetImageDownloader.build/Objects-normal/arm64/TwitterWebViewService.o -o /Users/runner/work/twitterhd/twitterhd/DerivedData/Build/Intermediates.noindex/TweetImageDownloader.build/Release-iphoneos/TweetImageDownloader.build/Objects-normal/arm64/PhotoLibraryManager.o -index-unit-output-path /TweetImageDownloader.build/Release-iphoneos/TweetImageDownloader.build/Objects-normal/arm64/TweetImageDownloaderApp.o -index-unit-output-path /TweetImageDownloader.build/Release-iphoneos/TweetImageDownloader.build/Objects-normal/arm64/TweetImageItem.o -index-unit-output-path /TweetImageDownloader.build/Release-iphoneos/TweetImageDownloader.build/Objects-normal/arm64/TwitterExtractorJS.o -index-unit-output-path /TweetImageDownloader.build/Release-iphoneos/TweetImageDownloader.build/Objects-normal/arm64/TwitterWebViewService.o -index-unit-output-path /TweetImageDownloader.build/Release-iphoneos/TweetImageDownloader.build/Objects-normal/arm64/PhotoLibraryManager.o

SwiftDriverJobDiscovery normal arm64 Emitting module for TweetImageDownloader (in target 'TweetImageDownloader' from project 'TweetImageDownloader')

SwiftCompile normal arm64 Compiling\ DownloaderViewModel.swift,\ ContentView.swift,\ MainDownloaderView.swift,\ SettingsView.swift,\ LoginWebViewModal.swift /Users/runner/work/twitterhd/twitterhd/TweetImageDownloader/ViewModels/DownloaderViewModel.swift /Users/runner/work/twitterhd/twitterhd/TweetImageDownloader/Views/ContentView.swift /Users/runner/work/twitterhd/twitterhd/TweetImageDownloader/Views/MainDownloaderView.swift /Users/runner/work/twitterhd/twitterhd/TweetImageDownloader/Views/SettingsView.swift /Users/runner/work/twitterhd/twitterhd/TweetImageDownloader/Views/LoginWebViewModal.swift (in target 'TweetImageDownloader' from project 'TweetImageDownloader')
    cd /Users/runner/work/twitterhd/twitterhd
    builtin-swiftTaskExecution -- /Applications/Xcode_15.4.app/Contents/Developer/Toolchains/XcodeDefault.xctoolchain/usr/bin/swift-frontend -frontend -c /Users/runner/work/twitterhd/twitterhd/TweetImageDownloader/App/TweetImageDownloaderApp.swift /Users/runner/work/twitterhd/twitterhd/TweetImageDownloader/Models/TweetImageItem.swift /Users/runner/work/twitterhd/twitterhd/TweetImageDownloader/Services/TwitterExtractorJS.swift /Users/runner/work/twitterhd/twitterhd/TweetImageDownloader/Services/TwitterWebViewService.swift /Users/runner/work/twitterhd/twitterhd/TweetImageDownloader/Services/PhotoLibraryManager.swift -primary-file /Users/runner/work/twitterhd/twitterhd/TweetImageDownloader/ViewModels/DownloaderViewModel.swift -primary-file /Users/runner/work/twitterhd/twitterhd/TweetImageDownloader/Views/ContentView.swift -primary-file /Users/runner/work/twitterhd/twitterhd/TweetImageDownloader/Views/MainDownloaderView.swift -primary-file /Users/runner/work/twitterhd/twitterhd/TweetImageDownloader/Views/SettingsView.swift -primary-file /Users/runner/work/twitterhd/twitterhd/TweetImageDownloader/Views/LoginWebViewModal.swift /Users/runner/work/twitterhd/twitterhd/TweetImageDownloader/Intents/ParseAndDownloadIntent.swift /Users/runner/work/twitterhd/twitterhd/TweetImageDownloader/Models/AuthorHistoryGroup.swift /Users/runner/work/twitterhd/twitterhd/TweetImageDownloader/Models/TweetHistoryItem.swift /Users/runner/work/twitterhd/twitterhd/TweetImageDownloader/Services/HistoryManager.swift /Users/runner/work/twitterhd/twitterhd/TweetImageDownloader/Views/HistoryView.swift -supplementary-output-file-map /Users/runner/work/twitterhd/twitterhd/DerivedData/Build/Intermediates.noindex/TweetImageDownloader.build/Release-iphoneos/TweetImageDownloader.build/Objects-normal/arm64/supplementaryOutputs-2 -target arm64-apple-ios16.0 -Xllvm -aarch64-use-tbi -enable-objc-interop -stack-check -sdk /Applications/Xcode_15.4.app/Contents/Developer/Platforms/iPhoneOS.platform/Developer/SDKs/iPhoneOS17.5.sdk -I /Users/runner/work/twitterhd/twitterhd/build/Release-iphoneos -F /Users/runner/work/twitterhd/twitterhd/build/Release-iphoneos -no-color-diagnostics -g -module-cache-path /Users/runner/work/twitterhd/twitterhd/DerivedData/ModuleCache.noindex -swift-version 5 -enforce-exclusivity\=checked -O -serialize-debugging-options -const-gather-protocols-file /Users/runner/work/twitterhd/twitterhd/DerivedData/Build/Intermediates.noindex/TweetImageDownloader.build/Release-iphoneos/TweetImageDownloader.build/Objects-normal/arm64/TweetImageDownloader_const_extract_protocols.json -enable-bare-slash-regex -empty-abi-descriptor -validate-clang-modules-once -clang-build-session-file /Users/runner/work/twitterhd/twitterhd/DerivedData/ModuleCache.noindex/Session.modulevalidation -Xcc -working-directory -Xcc /Users/runner/work/twitterhd/twitterhd -resource-dir /Applications/Xcode_15.4.app/Contents/Developer/Toolchains/XcodeDefault.xctoolchain/usr/lib/swift -Xcc -ivfsstatcache -Xcc /Users/runner/work/twitterhd/twitterhd/DerivedData/SDKStatCaches.noindex/iphoneos17.5-21F77-f0fa7969d082b13145125136a829df3a.sdkstatcache -Xcc -I/Users/runner/work/twitterhd/twitterhd/DerivedData/Build/Intermediates.noindex/TweetImageDownloader.build/Release-iphoneos/TweetImageDownloader.build/swift-overrides.hmap -Xcc -iquote -Xcc /Users/runner/work/twitterhd/twitterhd/DerivedData/Build/Intermediates.noindex/TweetImageDownloader.build/Release-iphoneos/TweetImageDownloader.build/TweetImageDownloader-generated-files.hmap -Xcc -I/Users/runner/work/twitterhd/twitterhd/DerivedData/Build/Intermediates.noindex/TweetImageDownloader.build/Release-iphoneos/TweetImageDownloader.build/TweetImageDownloader-own-target-headers.hmap -Xcc -I/Users/runner/work/twitterhd/twitterhd/DerivedData/Build/Intermediates.noindex/TweetImageDownloader.build/Release-iphoneos/TweetImageDownloader.build/TweetImageDownloader-all-target-headers.hmap -Xcc -iquote -Xcc /Users/runner/work/twitterhd/twitterhd/DerivedData/Build/Intermediates.noindex/TweetImageDownloader.build/Release-iphoneos/TweetImageDownloader.build/TweetImageDownloader-project-headers.hmap -Xcc -I/Users/runner/work/twitterhd/twitterhd/build/Release-iphoneos/include -Xcc -I/Users/runner/work/twitterhd/twitterhd/DerivedData/Build/Intermediates.noindex/TweetImageDownloader.build/Release-iphoneos/TweetImageDownloader.build/DerivedSources-normal/arm64 -Xcc -I/Users/runner/work/twitterhd/twitterhd/DerivedData/Build/Intermediates.noindex/TweetImageDownloader.build/Release-iphoneos/TweetImageDownloader.build/DerivedSources/arm64 -Xcc -I/Users/runner/work/twitterhd/twitterhd/DerivedData/Build/Intermediates.noindex/TweetImageDownloader.build/Release-iphoneos/TweetImageDownloader.build/DerivedSources -module-name TweetImageDownloader -frontend-parseable-output -disable-clang-spi -target-sdk-version 17.5 -target-sdk-name iphoneos17.5 -external-plugin-path /Applications/Xcode_15.4.app/Contents/Developer/Platforms/iPhoneOS.platform/Developer/SDKs/iPhoneOS17.5.sdk/usr/lib/swift/host/plugins\#/Applications/Xcode_15.4.app/Contents/Developer/Platforms/iPhoneOS.platform/Developer/SDKs/iPhoneOS17.5.sdk/usr/bin/swift-plugin-server -external-plugin-path /Applications/Xcode_15.4.app/Contents/Developer/Platforms/iPhoneOS.platform/Developer/SDKs/iPhoneOS17.5.sdk/usr/local/lib/swift/host/plugins\#/Applications/Xcode_15.4.app/Contents/Developer/Platforms/iPhoneOS.platform/Developer/SDKs/iPhoneOS17.5.sdk/usr/bin/swift-plugin-server -external-plugin-path /Applications/Xcode_15.4.app/Contents/Developer/Platforms/iPhoneOS.platform/Developer/usr/lib/swift/host/plugins\#/Applications/Xcode_15.4.app/Contents/Developer/Platforms/iPhoneOS.platform/Developer/usr/bin/swift-plugin-server -external-plugin-path /Applications/Xcode_15.4.app/Contents/Developer/Platforms/iPhoneOS.platform/Developer/usr/local/lib/swift/host/plugins\#/Applications/Xcode_15.4.app/Contents/Developer/Platforms/iPhoneOS.platform/Developer/usr/bin/swift-plugin-server -plugin-path /Applications/Xcode_15.4.app/Contents/Developer/Toolchains/XcodeDefault.xctoolchain/usr/lib/swift/host/plugins -plugin-path /Applications/Xcode_15.4.app/Contents/Developer/Toolchains/XcodeDefault.xctoolchain/usr/local/lib/swift/host/plugins -o /Users/runner/work/twitterhd/twitterhd/DerivedData/Build/Intermediates.noindex/TweetImageDownloader.build/Release-iphoneos/TweetImageDownloader.build/Objects-normal/arm64/DownloaderViewModel.o -o /Users/runner/work/twitterhd/twitterhd/DerivedData/Build/Intermediates.noindex/TweetImageDownloader.build/Release-iphoneos/TweetImageDownloader.build/Objects-normal/arm64/ContentView.o -o /Users/runner/work/twitterhd/twitterhd/DerivedData/Build/Intermediates.noindex/TweetImageDownloader.build/Release-iphoneos/TweetImageDownloader.build/Objects-normal/arm64/MainDownloaderView.o -o /Users/runner/work/twitterhd/twitterhd/DerivedData/Build/Intermediates.noindex/TweetImageDownloader.build/Release-iphoneos/TweetImageDownloader.build/Objects-normal/arm64/SettingsView.o -o /Users/runner/work/twitterhd/twitterhd/DerivedData/Build/Intermediates.noindex/TweetImageDownloader.build/Release-iphoneos/TweetImageDownloader.build/Objects-normal/arm64/LoginWebViewModal.o -index-unit-output-path /TweetImageDownloader.build/Release-iphoneos/TweetImageDownloader.build/Objects-normal/arm64/DownloaderViewModel.o -index-unit-output-path /TweetImageDownloader.build/Release-iphoneos/TweetImageDownloader.build/Objects-normal/arm64/ContentView.o -index-unit-output-path /TweetImageDownloader.build/Release-iphoneos/TweetImageDownloader.build/Objects-normal/arm64/MainDownloaderView.o -index-unit-output-path /TweetImageDownloader.build/Release-iphoneos/TweetImageDownloader.build/Objects-normal/arm64/SettingsView.o -index-unit-output-path /TweetImageDownloader.build/Release-iphoneos/TweetImageDownloader.build/Objects-normal/arm64/LoginWebViewModal.o
Command SwiftCompile failed with a nonzero exit code

SwiftDriver\ Compilation\ Requirements TweetImageDownloader normal arm64 com.apple.xcode.tools.swift.compiler (in target 'TweetImageDownloader' from project 'TweetImageDownloader')
    cd /Users/runner/work/twitterhd/twitterhd
    builtin-Swift-Compilation-Requirements -- /Applications/Xcode_15.4.app/Contents/Developer/Toolchains/XcodeDefault.xctoolchain/usr/bin/swiftc -module-name TweetImageDownloader -O -enforce-exclusivity\=checked @/Users/runner/work/twitterhd/twitterhd/DerivedData/Build/Intermediates.noindex/TweetImageDownloader.build/Release-iphoneos/TweetImageDownloader.build/Objects-normal/arm64/TweetImageDownloader.SwiftFileList -sdk /Applications/Xcode_15.4.app/Contents/Developer/Platforms/iPhoneOS.platform/Developer/SDKs/iPhoneOS17.5.sdk -target arm64-apple-ios16.0 -enable-bare-slash-regex -g -module-cache-path /Users/runner/work/twitterhd/twitterhd/DerivedData/ModuleCache.noindex -Xfrontend -serialize-debugging-options -swift-version 5 -I /Users/runner/work/twitterhd/twitterhd/build/Release-iphoneos -F /Users/runner/work/twitterhd/twitterhd/build/Release-iphoneos -c -j3 -enable-batch-mode -incremental -Xcc -ivfsstatcache -Xcc /Users/runner/work/twitterhd/twitterhd/DerivedData/SDKStatCaches.noindex/iphoneos17.5-21F77-f0fa7969d082b13145125136a829df3a.sdkstatcache -output-file-map /Users/runner/work/twitterhd/twitterhd/DerivedData/Build/Intermediates.noindex/TweetImageDownloader.build/Release-iphoneos/TweetImageDownloader.build/Objects-normal/arm64/TweetImageDownloader-OutputFileMap.json -use-frontend-parseable-output -save-temps -no-color-diagnostics -serialize-diagnostics -emit-dependencies -emit-module -emit-module-path /Users/runner/work/twitterhd/twitterhd/DerivedData/Build/Intermediates.noindex/TweetImageDownloader.build/Release-iphoneos/TweetImageDownloader.build/Objects-normal/arm64/TweetImageDownloader.swiftmodule -validate-clang-modules-once -clang-build-session-file /Users/runner/work/twitterhd/twitterhd/DerivedData/ModuleCache.noindex/Session.modulevalidation -Xcc -I/Users/runner/work/twitterhd/twitterhd/DerivedData/Build/Intermediates.noindex/TweetImageDownloader.build/Release-iphoneos/TweetImageDownloader.build/swift-overrides.hmap -emit-const-values -Xfrontend -const-gather-protocols-file -Xfrontend /Users/runner/work/twitterhd/twitterhd/DerivedData/Build/Intermediates.noindex/TweetImageDownloader.build/Release-iphoneos/TweetImageDownloader.build/Objects-normal/arm64/TweetImageDownloader_const_extract_protocols.json -Xcc -iquote -Xcc /Users/runner/work/twitterhd/twitterhd/DerivedData/Build/Intermediates.noindex/TweetImageDownloader.build/Release-iphoneos/TweetImageDownloader.build/TweetImageDownloader-generated-files.hmap -Xcc -I/Users/runner/work/twitterhd/twitterhd/DerivedData/Build/Intermediates.noindex/TweetImageDownloader.build/Release-iphoneos/TweetImageDownloader.build/TweetImageDownloader-own-target-headers.hmap -Xcc -I/Users/runner/work/twitterhd/twitterhd/DerivedData/Build/Intermediates.noindex/TweetImageDownloader.build/Release-iphoneos/TweetImageDownloader.build/TweetImageDownloader-all-target-headers.hmap -Xcc -iquote -Xcc /Users/runner/work/twitterhd/twitterhd/DerivedData/Build/Intermediates.noindex/TweetImageDownloader.build/Release-iphoneos/TweetImageDownloader.build/TweetImageDownloader-project-headers.hmap -Xcc -I/Users/runner/work/twitterhd/twitterhd/build/Release-iphoneos/include -Xcc -I/Users/runner/work/twitterhd/twitterhd/DerivedData/Build/Intermediates.noindex/TweetImageDownloader.build/Release-iphoneos/TweetImageDownloader.build/DerivedSources-normal/arm64 -Xcc -I/Users/runner/work/twitterhd/twitterhd/DerivedData/Build/Intermediates.noindex/TweetImageDownloader.build/Release-iphoneos/TweetImageDownloader.build/DerivedSources/arm64 -Xcc -I/Users/runner/work/twitterhd/twitterhd/DerivedData/Build/Intermediates.noindex/TweetImageDownloader.build/Release-iphoneos/TweetImageDownloader.build/DerivedSources -emit-objc-header -emit-objc-header-path /Users/runner/work/twitterhd/twitterhd/DerivedData/Build/Intermediates.noindex/TweetImageDownloader.build/Release-iphoneos/TweetImageDownloader.build/Objects-normal/arm64/TweetImageDownloader-Swift.h -working-directory /Users/runner/work/twitterhd/twitterhd -experimental-emit-module-separately -disable-cmo

